Archive member included to satisfy reference by file (symbol)

.\CortexM3\ARM_GCC_541\Debug\led.a(SPIM_1.o)
                              .\CortexM3\ARM_GCC_541\Debug\functions.o (SPIM_1_WriteTxData)
.\CortexM3\ARM_GCC_541\Debug\led.a(UART_1.o)
                              .\CortexM3\ARM_GCC_541\Debug\main.o (UART_1_Start)
.\CortexM3\ARM_GCC_541\Debug\led.a(SPIM_1_IntClock.o)
                              .\CortexM3\ARM_GCC_541\Debug\led.a(SPIM_1.o) (SPIM_1_IntClock_Start)
.\CortexM3\ARM_GCC_541\Debug\led.a(UART_1_IntClock.o)
                              .\CortexM3\ARM_GCC_541\Debug\led.a(UART_1.o) (UART_1_IntClock_Start)
.\CortexM3\ARM_GCC_541\Debug\led.a(CyLib.o)
                              .\CortexM3\ARM_GCC_541\Debug\Cm3Start.o (CyHalt)
.\CortexM3\ARM_GCC_541\Debug\led.a(cyPm.o)
                              .\CortexM3\ARM_GCC_541\Debug\led.a(CyLib.o) (CyPmReadStatus)
.\CortexM3\ARM_GCC_541\Debug\led.a(isr_2.o)
                              .\CortexM3\ARM_GCC_541\Debug\main.o (isr_2_StartEx)
.\CortexM3\ARM_GCC_541\Debug\led.a(CyBootAsmGnu.o)
                              .\CortexM3\ARM_GCC_541\Debug\cyfitter_cfg.o (CyDelayCycles)
.\CortexM3\ARM_GCC_541\Debug\led.a(CyFlash.o)
                              .\CortexM3\ARM_GCC_541\Debug\led.a(cyPm.o) (CyFlash_SetWaitCycles)
.\CortexM3\ARM_GCC_541\Debug\led.a(CySpc.o)
                              .\CortexM3\ARM_GCC_541\Debug\led.a(CyFlash.o) (CySpcStart)
c:/program files (x86)/cypress/psoc creator/4.4/psoc creator/import/gnu/arm/5.4.1/bin/../lib/gcc/arm-none-eabi/5.4.1/../../../../arm-none-eabi/lib/armv7-m\libg_nano.a(lib_a-errno.o)
                              .\CortexM3\ARM_GCC_541\Debug\Cm3Start.o (__errno)
c:/program files (x86)/cypress/psoc creator/4.4/psoc creator/import/gnu/arm/5.4.1/bin/../lib/gcc/arm-none-eabi/5.4.1/../../../../arm-none-eabi/lib/armv7-m\libg_nano.a(lib_a-exit.o)
                              c:/program files (x86)/cypress/psoc creator/4.4/psoc creator/import/gnu/arm/5.4.1/bin/../lib/gcc/arm-none-eabi/5.4.1/../../../../arm-none-eabi/lib/armv7-m/crt0.o (exit)
c:/program files (x86)/cypress/psoc creator/4.4/psoc creator/import/gnu/arm/5.4.1/bin/../lib/gcc/arm-none-eabi/5.4.1/../../../../arm-none-eabi/lib/armv7-m\libg_nano.a(lib_a-impure.o)
                              c:/program files (x86)/cypress/psoc creator/4.4/psoc creator/import/gnu/arm/5.4.1/bin/../lib/gcc/arm-none-eabi/5.4.1/../../../../arm-none-eabi/lib/armv7-m\libg_nano.a(lib_a-exit.o) (_global_impure_ptr)
c:/program files (x86)/cypress/psoc creator/4.4/psoc creator/import/gnu/arm/5.4.1/bin/../lib/gcc/arm-none-eabi/5.4.1/../../../../arm-none-eabi/lib/armv7-m\libg_nano.a(lib_a-init.o)
                              c:/program files (x86)/cypress/psoc creator/4.4/psoc creator/import/gnu/arm/5.4.1/bin/../lib/gcc/arm-none-eabi/5.4.1/../../../../arm-none-eabi/lib/armv7-m/crt0.o (__libc_init_array)
c:/program files (x86)/cypress/psoc creator/4.4/psoc creator/import/gnu/arm/5.4.1/bin/../lib/gcc/arm-none-eabi/5.4.1/../../../../arm-none-eabi/lib/armv7-m\libg_nano.a(lib_a-memcpy-stub.o)
                              .\CortexM3\ARM_GCC_541\Debug\cyfitter_cfg.o (memcpy)
c:/program files (x86)/cypress/psoc creator/4.4/psoc creator/import/gnu/arm/5.4.1/bin/../lib/gcc/arm-none-eabi/5.4.1/../../../../arm-none-eabi/lib/armv7-m\libg_nano.a(lib_a-memset.o)
                              c:/program files (x86)/cypress/psoc creator/4.4/psoc creator/import/gnu/arm/5.4.1/bin/../lib/gcc/arm-none-eabi/5.4.1/../../../../arm-none-eabi/lib/armv7-m/crt0.o (memset)

Allocating common symbols
Common symbol       size              file

SPIM_1_swStatusTx   0x1               .\CortexM3\ARM_GCC_541\Debug\led.a(SPIM_1.o)
SPIM_1_swStatusRx   0x1               .\CortexM3\ARM_GCC_541\Debug\led.a(SPIM_1.o)
dieTemperature      0x2               .\CortexM3\ARM_GCC_541\Debug\led.a(CyFlash.o)

Discarded input sections

 .text          0x00000000        0x0 c:/program files (x86)/cypress/psoc creator/4.4/psoc creator/import/gnu/arm/5.4.1/bin/../lib/gcc/arm-none-eabi/5.4.1/armv7-m/crti.o
 .data          0x00000000        0x0 c:/program files (x86)/cypress/psoc creator/4.4/psoc creator/import/gnu/arm/5.4.1/bin/../lib/gcc/arm-none-eabi/5.4.1/armv7-m/crti.o
 .bss           0x00000000        0x0 c:/program files (x86)/cypress/psoc creator/4.4/psoc creator/import/gnu/arm/5.4.1/bin/../lib/gcc/arm-none-eabi/5.4.1/armv7-m/crti.o
 .data          0x00000000        0x4 c:/program files (x86)/cypress/psoc creator/4.4/psoc creator/import/gnu/arm/5.4.1/bin/../lib/gcc/arm-none-eabi/5.4.1/armv7-m/crtbegin.o
 .text          0x00000000       0x74 c:/program files (x86)/cypress/psoc creator/4.4/psoc creator/import/gnu/arm/5.4.1/bin/../lib/gcc/arm-none-eabi/5.4.1/../../../../arm-none-eabi/lib/armv7-m/crt0.o
 .data          0x00000000        0x0 c:/program files (x86)/cypress/psoc creator/4.4/psoc creator/import/gnu/arm/5.4.1/bin/../lib/gcc/arm-none-eabi/5.4.1/../../../../arm-none-eabi/lib/armv7-m/crt0.o
 .bss           0x00000000        0x0 c:/program files (x86)/cypress/psoc creator/4.4/psoc creator/import/gnu/arm/5.4.1/bin/../lib/gcc/arm-none-eabi/5.4.1/../../../../arm-none-eabi/lib/armv7-m/crt0.o
 .ARM.extab     0x00000000        0x0 c:/program files (x86)/cypress/psoc creator/4.4/psoc creator/import/gnu/arm/5.4.1/bin/../lib/gcc/arm-none-eabi/5.4.1/../../../../arm-none-eabi/lib/armv7-m/crt0.o
 .ARM.exidx     0x00000000        0x8 c:/program files (x86)/cypress/psoc creator/4.4/psoc creator/import/gnu/arm/5.4.1/bin/../lib/gcc/arm-none-eabi/5.4.1/../../../../arm-none-eabi/lib/armv7-m/crt0.o
 .text          0x00000000        0x0 .\CortexM3\ARM_GCC_541\Debug\main.o
 .data          0x00000000        0x0 .\CortexM3\ARM_GCC_541\Debug\main.o
 .bss           0x00000000        0x0 .\CortexM3\ARM_GCC_541\Debug\main.o
 .text          0x00000000        0x0 .\CortexM3\ARM_GCC_541\Debug\functions.o
 .bss           0x00000000        0x1 .\CortexM3\ARM_GCC_541\Debug\functions.o
 .text          0x00000000        0x0 .\CortexM3\ARM_GCC_541\Debug\cyfitter_cfg.o
 .data          0x00000000        0x0 .\CortexM3\ARM_GCC_541\Debug\cyfitter_cfg.o
 .bss           0x00000000        0x0 .\CortexM3\ARM_GCC_541\Debug\cyfitter_cfg.o
 .text.SetAnalogRoutingPumps
                0x00000000       0x10 .\CortexM3\ARM_GCC_541\Debug\cyfitter_cfg.o
 .text          0x00000000        0x0 .\CortexM3\ARM_GCC_541\Debug\cymetadata.o
 .data          0x00000000        0x0 .\CortexM3\ARM_GCC_541\Debug\cymetadata.o
 .bss           0x00000000        0x0 .\CortexM3\ARM_GCC_541\Debug\cymetadata.o
 .text          0x00000000        0x0 .\CortexM3\ARM_GCC_541\Debug\Cm3Start.o
 .data          0x00000000        0x4 .\CortexM3\ARM_GCC_541\Debug\Cm3Start.o
 .bss           0x00000000        0x0 .\CortexM3\ARM_GCC_541\Debug\Cm3Start.o
 .text._exit    0x00000000        0xc .\CortexM3\ARM_GCC_541\Debug\Cm3Start.o
 .text._sbrk    0x00000000       0x30 .\CortexM3\ARM_GCC_541\Debug\Cm3Start.o
 .text          0x00000000        0x0 .\CortexM3\ARM_GCC_541\Debug\led.a(SPIM_1.o)
 .data          0x00000000        0x0 .\CortexM3\ARM_GCC_541\Debug\led.a(SPIM_1.o)
 .text.SPIM_1_Stop
                0x00000000       0x2c .\CortexM3\ARM_GCC_541\Debug\led.a(SPIM_1.o)
 .text.SPIM_1_EnableTxInt
                0x00000000        0x4 .\CortexM3\ARM_GCC_541\Debug\led.a(SPIM_1.o)
 .text.SPIM_1_EnableRxInt
                0x00000000        0x4 .\CortexM3\ARM_GCC_541\Debug\led.a(SPIM_1.o)
 .text.SPIM_1_DisableTxInt
                0x00000000        0x4 .\CortexM3\ARM_GCC_541\Debug\led.a(SPIM_1.o)
 .text.SPIM_1_DisableRxInt
                0x00000000        0x4 .\CortexM3\ARM_GCC_541\Debug\led.a(SPIM_1.o)
 .text.SPIM_1_SetTxInterruptMode
                0x00000000        0xc .\CortexM3\ARM_GCC_541\Debug\led.a(SPIM_1.o)
 .text.SPIM_1_SetRxInterruptMode
                0x00000000        0xc .\CortexM3\ARM_GCC_541\Debug\led.a(SPIM_1.o)
 .text.SPIM_1_GetRxBufferSize
                0x00000000       0x18 .\CortexM3\ARM_GCC_541\Debug\led.a(SPIM_1.o)
 .text.SPIM_1_GetTxBufferSize
                0x00000000       0x24 .\CortexM3\ARM_GCC_541\Debug\led.a(SPIM_1.o)
 .text.SPIM_1_ClearRxBuffer
                0x00000000       0x1c .\CortexM3\ARM_GCC_541\Debug\led.a(SPIM_1.o)
 .text.SPIM_1_ClearTxBuffer
                0x00000000       0x24 .\CortexM3\ARM_GCC_541\Debug\led.a(SPIM_1.o)
 .text.SPIM_1_PutArray
                0x00000000       0x20 .\CortexM3\ARM_GCC_541\Debug\led.a(SPIM_1.o)
 .text.SPIM_1_EnableInt
                0x00000000        0x4 .\CortexM3\ARM_GCC_541\Debug\led.a(SPIM_1.o)
 .text.SPIM_1_DisableInt
                0x00000000        0x4 .\CortexM3\ARM_GCC_541\Debug\led.a(SPIM_1.o)
 .text.SPIM_1_SetInterruptMode
                0x00000000       0x14 .\CortexM3\ARM_GCC_541\Debug\led.a(SPIM_1.o)
 .text.SPIM_1_ReadStatus
                0x00000000       0x18 .\CortexM3\ARM_GCC_541\Debug\led.a(SPIM_1.o)
 COMMON         0x00000000        0x2 .\CortexM3\ARM_GCC_541\Debug\led.a(SPIM_1.o)
 .text          0x00000000        0x0 .\CortexM3\ARM_GCC_541\Debug\led.a(UART_1.o)
 .data          0x00000000        0x0 .\CortexM3\ARM_GCC_541\Debug\led.a(UART_1.o)
 .text.UART_1_Stop
                0x00000000       0x3c .\CortexM3\ARM_GCC_541\Debug\led.a(UART_1.o)
 .text.UART_1_ReadControlRegister
                0x00000000        0x4 .\CortexM3\ARM_GCC_541\Debug\led.a(UART_1.o)
 .text.UART_1_WriteControlRegister
                0x00000000        0x4 .\CortexM3\ARM_GCC_541\Debug\led.a(UART_1.o)
 .text.UART_1_SetRxInterruptMode
                0x00000000        0xc .\CortexM3\ARM_GCC_541\Debug\led.a(UART_1.o)
 .text.UART_1_ReadRxStatus
                0x00000000       0x10 .\CortexM3\ARM_GCC_541\Debug\led.a(UART_1.o)
 .text.UART_1_GetChar
                0x00000000       0x2c .\CortexM3\ARM_GCC_541\Debug\led.a(UART_1.o)
 .text.UART_1_GetByte
                0x00000000       0x14 .\CortexM3\ARM_GCC_541\Debug\led.a(UART_1.o)
 .text.UART_1_ClearRxBuffer
                0x00000000       0x24 .\CortexM3\ARM_GCC_541\Debug\led.a(UART_1.o)
 .text.UART_1_SetRxAddressMode
                0x00000000        0x4 .\CortexM3\ARM_GCC_541\Debug\led.a(UART_1.o)
 .text.UART_1_SetRxAddress1
                0x00000000        0xc .\CortexM3\ARM_GCC_541\Debug\led.a(UART_1.o)
 .text.UART_1_SetRxAddress2
                0x00000000        0xc .\CortexM3\ARM_GCC_541\Debug\led.a(UART_1.o)
 .text.UART_1_SetTxInterruptMode
                0x00000000        0xc .\CortexM3\ARM_GCC_541\Debug\led.a(UART_1.o)
 .text.UART_1_ReadTxStatus
                0x00000000        0xc .\CortexM3\ARM_GCC_541\Debug\led.a(UART_1.o)
 .text.UART_1_PutArray
                0x00000000       0x28 .\CortexM3\ARM_GCC_541\Debug\led.a(UART_1.o)
 .text.UART_1_PutCRLF
                0x00000000       0x20 .\CortexM3\ARM_GCC_541\Debug\led.a(UART_1.o)
 .text.UART_1_GetTxBufferSize
                0x00000000       0x24 .\CortexM3\ARM_GCC_541\Debug\led.a(UART_1.o)
 .text.UART_1_ClearTxBuffer
                0x00000000       0x24 .\CortexM3\ARM_GCC_541\Debug\led.a(UART_1.o)
 .text.UART_1_SendBreak
                0x00000000       0x58 .\CortexM3\ARM_GCC_541\Debug\led.a(UART_1.o)
 .text.UART_1_SetTxAddressMode
                0x00000000        0x4 .\CortexM3\ARM_GCC_541\Debug\led.a(UART_1.o)
 .text          0x00000000        0x0 .\CortexM3\ARM_GCC_541\Debug\led.a(SPIM_1_IntClock.o)
 .data          0x00000000        0x0 .\CortexM3\ARM_GCC_541\Debug\led.a(SPIM_1_IntClock.o)
 .bss           0x00000000        0x0 .\CortexM3\ARM_GCC_541\Debug\led.a(SPIM_1_IntClock.o)
 .text.SPIM_1_IntClock_Stop
                0x00000000       0x1c .\CortexM3\ARM_GCC_541\Debug\led.a(SPIM_1_IntClock.o)
 .text.SPIM_1_IntClock_StopBlock
                0x00000000       0x6c .\CortexM3\ARM_GCC_541\Debug\led.a(SPIM_1_IntClock.o)
 .text.SPIM_1_IntClock_StandbyPower
                0x00000000       0x20 .\CortexM3\ARM_GCC_541\Debug\led.a(SPIM_1_IntClock.o)
 .text.SPIM_1_IntClock_GetDividerRegister
                0x00000000        0xc .\CortexM3\ARM_GCC_541\Debug\led.a(SPIM_1_IntClock.o)
 .text.SPIM_1_IntClock_SetModeRegister
                0x00000000       0x14 .\CortexM3\ARM_GCC_541\Debug\led.a(SPIM_1_IntClock.o)
 .text.SPIM_1_IntClock_ClearModeRegister
                0x00000000       0x18 .\CortexM3\ARM_GCC_541\Debug\led.a(SPIM_1_IntClock.o)
 .text.SPIM_1_IntClock_GetModeRegister
                0x00000000       0x10 .\CortexM3\ARM_GCC_541\Debug\led.a(SPIM_1_IntClock.o)
 .text.SPIM_1_IntClock_GetSourceRegister
                0x00000000       0x10 .\CortexM3\ARM_GCC_541\Debug\led.a(SPIM_1_IntClock.o)
 .text.SPIM_1_IntClock_SetDividerRegister
                0x00000000       0xd8 .\CortexM3\ARM_GCC_541\Debug\led.a(SPIM_1_IntClock.o)
 .text.SPIM_1_IntClock_SetSourceRegister
                0x00000000       0x5c .\CortexM3\ARM_GCC_541\Debug\led.a(SPIM_1_IntClock.o)
 .text          0x00000000        0x0 .\CortexM3\ARM_GCC_541\Debug\led.a(UART_1_IntClock.o)
 .data          0x00000000        0x0 .\CortexM3\ARM_GCC_541\Debug\led.a(UART_1_IntClock.o)
 .bss           0x00000000        0x0 .\CortexM3\ARM_GCC_541\Debug\led.a(UART_1_IntClock.o)
 .text.UART_1_IntClock_Stop
                0x00000000       0x1c .\CortexM3\ARM_GCC_541\Debug\led.a(UART_1_IntClock.o)
 .text.UART_1_IntClock_StopBlock
                0x00000000       0x6c .\CortexM3\ARM_GCC_541\Debug\led.a(UART_1_IntClock.o)
 .text.UART_1_IntClock_StandbyPower
                0x00000000       0x20 .\CortexM3\ARM_GCC_541\Debug\led.a(UART_1_IntClock.o)
 .text.UART_1_IntClock_GetDividerRegister
                0x00000000        0xc .\CortexM3\ARM_GCC_541\Debug\led.a(UART_1_IntClock.o)
 .text.UART_1_IntClock_SetModeRegister
                0x00000000       0x14 .\CortexM3\ARM_GCC_541\Debug\led.a(UART_1_IntClock.o)
 .text.UART_1_IntClock_ClearModeRegister
                0x00000000       0x18 .\CortexM3\ARM_GCC_541\Debug\led.a(UART_1_IntClock.o)
 .text.UART_1_IntClock_GetModeRegister
                0x00000000       0x10 .\CortexM3\ARM_GCC_541\Debug\led.a(UART_1_IntClock.o)
 .text.UART_1_IntClock_GetSourceRegister
                0x00000000       0x10 .\CortexM3\ARM_GCC_541\Debug\led.a(UART_1_IntClock.o)
 .text.UART_1_IntClock_SetDividerRegister
                0x00000000       0xdc .\CortexM3\ARM_GCC_541\Debug\led.a(UART_1_IntClock.o)
 .text.UART_1_IntClock_SetSourceRegister
                0x00000000       0x5c .\CortexM3\ARM_GCC_541\Debug\led.a(UART_1_IntClock.o)
 .text          0x00000000        0x0 .\CortexM3\ARM_GCC_541\Debug\led.a(CyLib.o)
 .data          0x00000000       0x10 .\CortexM3\ARM_GCC_541\Debug\led.a(CyLib.o)
 .bss           0x00000000       0x1c .\CortexM3\ARM_GCC_541\Debug\led.a(CyLib.o)
 .text.CyUSB_PowerOnCheck
                0x00000000       0x48 .\CortexM3\ARM_GCC_541\Debug\led.a(CyLib.o)
 .text.CyBusClk_Internal_SetDivider
                0x00000000       0x48 .\CortexM3\ARM_GCC_541\Debug\led.a(CyLib.o)
 .text.CyPLL_OUT_Stop
                0x00000000       0x10 .\CortexM3\ARM_GCC_541\Debug\led.a(CyLib.o)
 .text.CyIMO_Stop
                0x00000000       0x1c .\CortexM3\ARM_GCC_541\Debug\led.a(CyLib.o)
 .text.CyIMO_EnableDoubler
                0x00000000       0x10 .\CortexM3\ARM_GCC_541\Debug\led.a(CyLib.o)
 .text.CyIMO_DisableDoubler
                0x00000000       0x10 .\CortexM3\ARM_GCC_541\Debug\led.a(CyLib.o)
 .text.CyMasterClk_SetSource
                0x00000000       0x18 .\CortexM3\ARM_GCC_541\Debug\led.a(CyLib.o)
 .text.CyMasterClk_SetDivider
                0x00000000        0xc .\CortexM3\ARM_GCC_541\Debug\led.a(CyLib.o)
 .text.CyBusClk_SetDivider
                0x00000000       0x70 .\CortexM3\ARM_GCC_541\Debug\led.a(CyLib.o)
 .text.CyUsbClk_SetSource
                0x00000000       0x18 .\CortexM3\ARM_GCC_541\Debug\led.a(CyLib.o)
 .text.CyILO_Start1K
                0x00000000       0x10 .\CortexM3\ARM_GCC_541\Debug\led.a(CyLib.o)
 .text.CyILO_Stop1K
                0x00000000       0x10 .\CortexM3\ARM_GCC_541\Debug\led.a(CyLib.o)
 .text.CyILO_Start100K
                0x00000000       0x10 .\CortexM3\ARM_GCC_541\Debug\led.a(CyLib.o)
 .text.CyILO_Stop100K
                0x00000000       0x10 .\CortexM3\ARM_GCC_541\Debug\led.a(CyLib.o)
 .text.CyPLL_OUT_Start
                0x00000000       0x78 .\CortexM3\ARM_GCC_541\Debug\led.a(CyLib.o)
 .text.CyIMO_Start
                0x00000000       0x60 .\CortexM3\ARM_GCC_541\Debug\led.a(CyLib.o)
 .text.CyILO_Enable33K
                0x00000000       0x10 .\CortexM3\ARM_GCC_541\Debug\led.a(CyLib.o)
 .text.CyILO_Disable33K
                0x00000000       0x10 .\CortexM3\ARM_GCC_541\Debug\led.a(CyLib.o)
 .text.CyILO_SetSource
                0x00000000       0x18 .\CortexM3\ARM_GCC_541\Debug\led.a(CyLib.o)
 .text.CyILO_SetPowerMode
                0x00000000       0x24 .\CortexM3\ARM_GCC_541\Debug\led.a(CyLib.o)
 .text.CyXTAL_32KHZ_Stop
                0x00000000       0x30 .\CortexM3\ARM_GCC_541\Debug\led.a(CyLib.o)
 .text.CyXTAL_32KHZ_ReadStatus
                0x00000000       0x10 .\CortexM3\ARM_GCC_541\Debug\led.a(CyLib.o)
 .text.CyXTAL_Start
                0x00000000       0xac .\CortexM3\ARM_GCC_541\Debug\led.a(CyLib.o)
 .text.CyXTAL_Stop
                0x00000000       0x10 .\CortexM3\ARM_GCC_541\Debug\led.a(CyLib.o)
 .text.CyXTAL_EnableErrStatus
                0x00000000       0x10 .\CortexM3\ARM_GCC_541\Debug\led.a(CyLib.o)
 .text.CyXTAL_DisableErrStatus
                0x00000000       0x10 .\CortexM3\ARM_GCC_541\Debug\led.a(CyLib.o)
 .text.CyXTAL_ReadStatus
                0x00000000       0x18 .\CortexM3\ARM_GCC_541\Debug\led.a(CyLib.o)
 .text.CyXTAL_EnableFaultRecovery
                0x00000000       0x10 .\CortexM3\ARM_GCC_541\Debug\led.a(CyLib.o)
 .text.CyXTAL_DisableFaultRecovery
                0x00000000       0x10 .\CortexM3\ARM_GCC_541\Debug\led.a(CyLib.o)
 .text.CyXTAL_SetStartup
                0x00000000       0x18 .\CortexM3\ARM_GCC_541\Debug\led.a(CyLib.o)
 .text.CyXTAL_SetFbVoltage
                0x00000000       0x18 .\CortexM3\ARM_GCC_541\Debug\led.a(CyLib.o)
 .text.CyXTAL_SetWdVoltage
                0x00000000       0x18 .\CortexM3\ARM_GCC_541\Debug\led.a(CyLib.o)
 .text.CyHalt   0x00000000        0x4 .\CortexM3\ARM_GCC_541\Debug\led.a(CyLib.o)
 .text.CyPLL_OUT_SetPQ
                0x00000000       0x60 .\CortexM3\ARM_GCC_541\Debug\led.a(CyLib.o)
 .text.CyPLL_OUT_SetSource
                0x00000000       0x34 .\CortexM3\ARM_GCC_541\Debug\led.a(CyLib.o)
 .text.CyIMO_SetTrimValue
                0x00000000       0xcc .\CortexM3\ARM_GCC_541\Debug\led.a(CyLib.o)
 .text.CyIMO_SetFreq
                0x00000000       0xf4 .\CortexM3\ARM_GCC_541\Debug\led.a(CyLib.o)
 .text.CyIMO_SetSource
                0x00000000       0x58 .\CortexM3\ARM_GCC_541\Debug\led.a(CyLib.o)
 .text.CySoftwareReset
                0x00000000       0x10 .\CortexM3\ARM_GCC_541\Debug\led.a(CyLib.o)
 .text.CyDelay  0x00000000       0x2c .\CortexM3\ARM_GCC_541\Debug\led.a(CyLib.o)
 .text.CyDelayUs
                0x00000000       0x14 .\CortexM3\ARM_GCC_541\Debug\led.a(CyLib.o)
 .text.CyXTAL_32KHZ_SetPowerMode
                0x00000000       0x84 .\CortexM3\ARM_GCC_541\Debug\led.a(CyLib.o)
 .text.CyXTAL_32KHZ_Start
                0x00000000       0x74 .\CortexM3\ARM_GCC_541\Debug\led.a(CyLib.o)
 .text.CyDelayFreq
                0x00000000       0x4c .\CortexM3\ARM_GCC_541\Debug\led.a(CyLib.o)
 .text.CyWdtStart
                0x00000000       0x40 .\CortexM3\ARM_GCC_541\Debug\led.a(CyLib.o)
 .text.CyWdtClear
                0x00000000        0xc .\CortexM3\ARM_GCC_541\Debug\led.a(CyLib.o)
 .text.CyVdStickyStatus
                0x00000000       0x2c .\CortexM3\ARM_GCC_541\Debug\led.a(CyLib.o)
 .text.CyVdLvDigitEnable
                0x00000000       0x84 .\CortexM3\ARM_GCC_541\Debug\led.a(CyLib.o)
 .text.CyVdLvAnalogEnable
                0x00000000       0x80 .\CortexM3\ARM_GCC_541\Debug\led.a(CyLib.o)
 .text.CyVdLvDigitDisable
                0x00000000       0x30 .\CortexM3\ARM_GCC_541\Debug\led.a(CyLib.o)
 .text.CyVdLvAnalogDisable
                0x00000000       0x28 .\CortexM3\ARM_GCC_541\Debug\led.a(CyLib.o)
 .text.CyVdHvAnalogEnable
                0x00000000       0x54 .\CortexM3\ARM_GCC_541\Debug\led.a(CyLib.o)
 .text.CyVdHvAnalogDisable
                0x00000000       0x20 .\CortexM3\ARM_GCC_541\Debug\led.a(CyLib.o)
 .text.CyVdRealTimeStatus
                0x00000000       0x1c .\CortexM3\ARM_GCC_541\Debug\led.a(CyLib.o)
 .text.CyDisableInts
                0x00000000       0x1c .\CortexM3\ARM_GCC_541\Debug\led.a(CyLib.o)
 .text.CyEnableInts
                0x00000000       0x18 .\CortexM3\ARM_GCC_541\Debug\led.a(CyLib.o)
 .text.CyFlushCache
                0x00000000       0x44 .\CortexM3\ARM_GCC_541\Debug\led.a(CyLib.o)
 .text.CyIntSetSysVector
                0x00000000       0x28 .\CortexM3\ARM_GCC_541\Debug\led.a(CyLib.o)
 .text.CyIntGetSysVector
                0x00000000       0x20 .\CortexM3\ARM_GCC_541\Debug\led.a(CyLib.o)
 .text.CyIntSetVector
                0x00000000       0x28 .\CortexM3\ARM_GCC_541\Debug\led.a(CyLib.o)
 .text.CyIntGetVector
                0x00000000       0x24 .\CortexM3\ARM_GCC_541\Debug\led.a(CyLib.o)
 .text.CyIntSetPriority
                0x00000000       0x30 .\CortexM3\ARM_GCC_541\Debug\led.a(CyLib.o)
 .text.CyIntGetPriority
                0x00000000       0x20 .\CortexM3\ARM_GCC_541\Debug\led.a(CyLib.o)
 .text.CyIntGetState
                0x00000000       0x24 .\CortexM3\ARM_GCC_541\Debug\led.a(CyLib.o)
 .text.CySysTickStop
                0x00000000       0x10 .\CortexM3\ARM_GCC_541\Debug\led.a(CyLib.o)
 .text.CySysTickEnableInterrupt
                0x00000000       0x10 .\CortexM3\ARM_GCC_541\Debug\led.a(CyLib.o)
 .text.CySysTickEnable
                0x00000000       0x18 .\CortexM3\ARM_GCC_541\Debug\led.a(CyLib.o)
 .text.CySysTickDisableInterrupt
                0x00000000       0x10 .\CortexM3\ARM_GCC_541\Debug\led.a(CyLib.o)
 .text.CySysTickSetReload
                0x00000000       0x10 .\CortexM3\ARM_GCC_541\Debug\led.a(CyLib.o)
 .text.CySysTickGetReload
                0x00000000       0x10 .\CortexM3\ARM_GCC_541\Debug\led.a(CyLib.o)
 .text.CySysTickGetValue
                0x00000000       0x10 .\CortexM3\ARM_GCC_541\Debug\led.a(CyLib.o)
 .text.CySysTickSetClockSource
                0x00000000       0x20 .\CortexM3\ARM_GCC_541\Debug\led.a(CyLib.o)
 .text.CySysTickGetClockSource
                0x00000000       0x10 .\CortexM3\ARM_GCC_541\Debug\led.a(CyLib.o)
 .text.CySysTickGetCountFlag
                0x00000000       0x10 .\CortexM3\ARM_GCC_541\Debug\led.a(CyLib.o)
 .text.CySysTickServiceCallbacks
                0x00000000       0x28 .\CortexM3\ARM_GCC_541\Debug\led.a(CyLib.o)
 .text.CySysTickClear
                0x00000000        0xc .\CortexM3\ARM_GCC_541\Debug\led.a(CyLib.o)
 .text.CySysTickInit
                0x00000000       0x58 .\CortexM3\ARM_GCC_541\Debug\led.a(CyLib.o)
 .text.CySysTickStart
                0x00000000       0x1c .\CortexM3\ARM_GCC_541\Debug\led.a(CyLib.o)
 .text.CySysTickSetCallback
                0x00000000       0x10 .\CortexM3\ARM_GCC_541\Debug\led.a(CyLib.o)
 .text.CySysTickGetCallback
                0x00000000       0x10 .\CortexM3\ARM_GCC_541\Debug\led.a(CyLib.o)
 .text.CyGetUniqueId
                0x00000000       0x70 .\CortexM3\ARM_GCC_541\Debug\led.a(CyLib.o)
 .text          0x00000000        0x0 .\CortexM3\ARM_GCC_541\Debug\led.a(cyPm.o)
 .data          0x00000000        0x0 .\CortexM3\ARM_GCC_541\Debug\led.a(cyPm.o)
 .bss           0x00000000       0x43 .\CortexM3\ARM_GCC_541\Debug\led.a(cyPm.o)
 .text.CyPmHibSlpSaveSet
                0x00000000      0x1dc .\CortexM3\ARM_GCC_541\Debug\led.a(cyPm.o)
 .text.CyPmHibSlpRestore
                0x00000000       0xd8 .\CortexM3\ARM_GCC_541\Debug\led.a(cyPm.o)
 .text.CyPmHviLviSaveDisable
                0x00000000       0xa0 .\CortexM3\ARM_GCC_541\Debug\led.a(cyPm.o)
 .text.CyPmHibSaveSet
                0x00000000       0x98 .\CortexM3\ARM_GCC_541\Debug\led.a(cyPm.o)
 .text.CyPmHviLviRestore
                0x00000000       0x48 .\CortexM3\ARM_GCC_541\Debug\led.a(cyPm.o)
 .text.CyPmHibRestore
                0x00000000       0x60 .\CortexM3\ARM_GCC_541\Debug\led.a(cyPm.o)
 .text.CyPmSaveClocks
                0x00000000      0x218 .\CortexM3\ARM_GCC_541\Debug\led.a(cyPm.o)
 .text.CyPmRestoreClocks
                0x00000000      0x24c .\CortexM3\ARM_GCC_541\Debug\led.a(cyPm.o)
 .text.CyPmAltAct
                0x00000000       0x6c .\CortexM3\ARM_GCC_541\Debug\led.a(cyPm.o)
 .text.CyPmSleep
                0x00000000       0xf4 .\CortexM3\ARM_GCC_541\Debug\led.a(cyPm.o)
 .text.CyPmHibernateEx
                0x00000000       0xf4 .\CortexM3\ARM_GCC_541\Debug\led.a(cyPm.o)
 .text.CyPmHibernate
                0x00000000        0xc .\CortexM3\ARM_GCC_541\Debug\led.a(cyPm.o)
 .text.CyPmReadStatus
                0x00000000       0x30 .\CortexM3\ARM_GCC_541\Debug\led.a(cyPm.o)
 .text.CyPmCtwSetInterval
                0x00000000       0x5c .\CortexM3\ARM_GCC_541\Debug\led.a(cyPm.o)
 .text.CyPmOppsSet
                0x00000000       0x2c .\CortexM3\ARM_GCC_541\Debug\led.a(cyPm.o)
 .text.CyPmFtwSetInterval
                0x00000000       0x5c .\CortexM3\ARM_GCC_541\Debug\led.a(cyPm.o)
 .rodata        0x00000000        0xf .\CortexM3\ARM_GCC_541\Debug\led.a(cyPm.o)
 .text          0x00000000        0x0 .\CortexM3\ARM_GCC_541\Debug\led.a(isr_2.o)
 .data          0x00000000        0x0 .\CortexM3\ARM_GCC_541\Debug\led.a(isr_2.o)
 .bss           0x00000000        0x0 .\CortexM3\ARM_GCC_541\Debug\led.a(isr_2.o)
 .text.isr_2_Interrupt
                0x00000000        0x4 .\CortexM3\ARM_GCC_541\Debug\led.a(isr_2.o)
 .text.isr_2_GetVector
                0x00000000        0xc .\CortexM3\ARM_GCC_541\Debug\led.a(isr_2.o)
 .text.isr_2_GetPriority
                0x00000000        0xc .\CortexM3\ARM_GCC_541\Debug\led.a(isr_2.o)
 .text.isr_2_GetState
                0x00000000       0x18 .\CortexM3\ARM_GCC_541\Debug\led.a(isr_2.o)
 .text.isr_2_Start
                0x00000000       0x1c .\CortexM3\ARM_GCC_541\Debug\led.a(isr_2.o)
 .text.isr_2_Stop
                0x00000000       0x14 .\CortexM3\ARM_GCC_541\Debug\led.a(isr_2.o)
 .text.isr_2_SetPending
                0x00000000        0xc .\CortexM3\ARM_GCC_541\Debug\led.a(isr_2.o)
 .text.isr_2_ClearPending
                0x00000000        0xc .\CortexM3\ARM_GCC_541\Debug\led.a(isr_2.o)
 .data          0x00000000        0x0 .\CortexM3\ARM_GCC_541\Debug\led.a(CyBootAsmGnu.o)
 .bss           0x00000000        0x0 .\CortexM3\ARM_GCC_541\Debug\led.a(CyBootAsmGnu.o)
 .text          0x00000000        0x0 .\CortexM3\ARM_GCC_541\Debug\led.a(CyFlash.o)
 .data          0x00000000        0x0 .\CortexM3\ARM_GCC_541\Debug\led.a(CyFlash.o)
 .bss           0x00000000        0x0 .\CortexM3\ARM_GCC_541\Debug\led.a(CyFlash.o)
 .text.CySetTempInt
                0x00000000       0x60 .\CortexM3\ARM_GCC_541\Debug\led.a(CyFlash.o)
 .text.CyFlash_Start
                0x00000000       0x54 .\CortexM3\ARM_GCC_541\Debug\led.a(CyFlash.o)
 .text.CyFlash_Stop
                0x00000000       0x24 .\CortexM3\ARM_GCC_541\Debug\led.a(CyFlash.o)
 .text.CyFlash_EraseRow
                0x00000000       0x78 .\CortexM3\ARM_GCC_541\Debug\led.a(CyFlash.o)
 .text.CyFlashGetSpcAlgorithm
                0x00000000       0x4c .\CortexM3\ARM_GCC_541\Debug\led.a(CyFlash.o)
 .text.CySetTemp
                0x00000000       0x14 .\CortexM3\ARM_GCC_541\Debug\led.a(CyFlash.o)
 .text.CySetFlashEEBuffer
                0x00000000       0x20 .\CortexM3\ARM_GCC_541\Debug\led.a(CyFlash.o)
 .text.CyWriteRowFull
                0x00000000       0xf8 .\CortexM3\ARM_GCC_541\Debug\led.a(CyFlash.o)
 .text.CyWriteRowData
                0x00000000       0x14 .\CortexM3\ARM_GCC_541\Debug\led.a(CyFlash.o)
 .text.CyFlash_SetWaitCycles
                0x00000000       0x7c .\CortexM3\ARM_GCC_541\Debug\led.a(CyFlash.o)
 .text.CyEEPROM_Start
                0x00000000       0x54 .\CortexM3\ARM_GCC_541\Debug\led.a(CyFlash.o)
 .text.CyEEPROM_Stop
                0x00000000       0x24 .\CortexM3\ARM_GCC_541\Debug\led.a(CyFlash.o)
 .text.CyEEPROM_ReadReserve
                0x00000000       0x1c .\CortexM3\ARM_GCC_541\Debug\led.a(CyFlash.o)
 .text.CyEEPROM_ReadRelease
                0x00000000       0x10 .\CortexM3\ARM_GCC_541\Debug\led.a(CyFlash.o)
 COMMON         0x00000000        0x2 .\CortexM3\ARM_GCC_541\Debug\led.a(CyFlash.o)
 .text          0x00000000        0x0 .\CortexM3\ARM_GCC_541\Debug\led.a(CySpc.o)
 .data          0x00000000        0x0 .\CortexM3\ARM_GCC_541\Debug\led.a(CySpc.o)
 .bss           0x00000000        0x8 .\CortexM3\ARM_GCC_541\Debug\led.a(CySpc.o)
 .text.CySpcStart
                0x00000000       0x24 .\CortexM3\ARM_GCC_541\Debug\led.a(CySpc.o)
 .text.CySpcStop
                0x00000000       0x24 .\CortexM3\ARM_GCC_541\Debug\led.a(CySpc.o)
 .text.CySpcReadData
                0x00000000       0x34 .\CortexM3\ARM_GCC_541\Debug\led.a(CySpc.o)
 .text.CySpcLoadMultiByte
                0x00000000       0x78 .\CortexM3\ARM_GCC_541\Debug\led.a(CySpc.o)
 .text.CySpcLoadRow
                0x00000000       0x50 .\CortexM3\ARM_GCC_541\Debug\led.a(CySpc.o)
 .text.CySpcLoadRowFull
                0x00000000       0x80 .\CortexM3\ARM_GCC_541\Debug\led.a(CySpc.o)
 .text.CySpcWriteRow
                0x00000000       0x4c .\CortexM3\ARM_GCC_541\Debug\led.a(CySpc.o)
 .text.CySpcEraseSector
                0x00000000       0x3c .\CortexM3\ARM_GCC_541\Debug\led.a(CySpc.o)
 .text.CySpcEraseRow
                0x00000000       0x4c .\CortexM3\ARM_GCC_541\Debug\led.a(CySpc.o)
 .text.CySpcGetTemp
                0x00000000       0x3c .\CortexM3\ARM_GCC_541\Debug\led.a(CySpc.o)
 .text.CySpcLock
                0x00000000       0x4c .\CortexM3\ARM_GCC_541\Debug\led.a(CySpc.o)
 .text.CySpcUnlock
                0x00000000       0x38 .\CortexM3\ARM_GCC_541\Debug\led.a(CySpc.o)
 .text.CySpcGetAlgorithm
                0x00000000       0x28 .\CortexM3\ARM_GCC_541\Debug\led.a(CySpc.o)
 .text          0x00000000        0x0 c:/program files (x86)/cypress/psoc creator/4.4/psoc creator/import/gnu/arm/5.4.1/bin/../lib/gcc/arm-none-eabi/5.4.1/../../../../arm-none-eabi/lib/armv7-m\libg_nano.a(lib_a-errno.o)
 .data          0x00000000        0x0 c:/program files (x86)/cypress/psoc creator/4.4/psoc creator/import/gnu/arm/5.4.1/bin/../lib/gcc/arm-none-eabi/5.4.1/../../../../arm-none-eabi/lib/armv7-m\libg_nano.a(lib_a-errno.o)
 .bss           0x00000000        0x0 c:/program files (x86)/cypress/psoc creator/4.4/psoc creator/import/gnu/arm/5.4.1/bin/../lib/gcc/arm-none-eabi/5.4.1/../../../../arm-none-eabi/lib/armv7-m\libg_nano.a(lib_a-errno.o)
 .text          0x00000000        0x0 c:/program files (x86)/cypress/psoc creator/4.4/psoc creator/import/gnu/arm/5.4.1/bin/../lib/gcc/arm-none-eabi/5.4.1/../../../../arm-none-eabi/lib/armv7-m\libg_nano.a(lib_a-exit.o)
 .data          0x00000000        0x0 c:/program files (x86)/cypress/psoc creator/4.4/psoc creator/import/gnu/arm/5.4.1/bin/../lib/gcc/arm-none-eabi/5.4.1/../../../../arm-none-eabi/lib/armv7-m\libg_nano.a(lib_a-exit.o)
 .bss           0x00000000        0x0 c:/program files (x86)/cypress/psoc creator/4.4/psoc creator/import/gnu/arm/5.4.1/bin/../lib/gcc/arm-none-eabi/5.4.1/../../../../arm-none-eabi/lib/armv7-m\libg_nano.a(lib_a-exit.o)
 .text.exit     0x00000000       0x28 c:/program files (x86)/cypress/psoc creator/4.4/psoc creator/import/gnu/arm/5.4.1/bin/../lib/gcc/arm-none-eabi/5.4.1/../../../../arm-none-eabi/lib/armv7-m\libg_nano.a(lib_a-exit.o)
 .text          0x00000000        0x0 c:/program files (x86)/cypress/psoc creator/4.4/psoc creator/import/gnu/arm/5.4.1/bin/../lib/gcc/arm-none-eabi/5.4.1/../../../../arm-none-eabi/lib/armv7-m\libg_nano.a(lib_a-impure.o)
 .data          0x00000000        0x0 c:/program files (x86)/cypress/psoc creator/4.4/psoc creator/import/gnu/arm/5.4.1/bin/../lib/gcc/arm-none-eabi/5.4.1/../../../../arm-none-eabi/lib/armv7-m\libg_nano.a(lib_a-impure.o)
 .bss           0x00000000        0x0 c:/program files (x86)/cypress/psoc creator/4.4/psoc creator/import/gnu/arm/5.4.1/bin/../lib/gcc/arm-none-eabi/5.4.1/../../../../arm-none-eabi/lib/armv7-m\libg_nano.a(lib_a-impure.o)
 .rodata._global_impure_ptr
                0x00000000        0x4 c:/program files (x86)/cypress/psoc creator/4.4/psoc creator/import/gnu/arm/5.4.1/bin/../lib/gcc/arm-none-eabi/5.4.1/../../../../arm-none-eabi/lib/armv7-m\libg_nano.a(lib_a-impure.o)
 .text          0x00000000        0x0 c:/program files (x86)/cypress/psoc creator/4.4/psoc creator/import/gnu/arm/5.4.1/bin/../lib/gcc/arm-none-eabi/5.4.1/../../../../arm-none-eabi/lib/armv7-m\libg_nano.a(lib_a-init.o)
 .data          0x00000000        0x0 c:/program files (x86)/cypress/psoc creator/4.4/psoc creator/import/gnu/arm/5.4.1/bin/../lib/gcc/arm-none-eabi/5.4.1/../../../../arm-none-eabi/lib/armv7-m\libg_nano.a(lib_a-init.o)
 .bss           0x00000000        0x0 c:/program files (x86)/cypress/psoc creator/4.4/psoc creator/import/gnu/arm/5.4.1/bin/../lib/gcc/arm-none-eabi/5.4.1/../../../../arm-none-eabi/lib/armv7-m\libg_nano.a(lib_a-init.o)
 .text          0x00000000        0x0 c:/program files (x86)/cypress/psoc creator/4.4/psoc creator/import/gnu/arm/5.4.1/bin/../lib/gcc/arm-none-eabi/5.4.1/../../../../arm-none-eabi/lib/armv7-m\libg_nano.a(lib_a-memcpy-stub.o)
 .data          0x00000000        0x0 c:/program files (x86)/cypress/psoc creator/4.4/psoc creator/import/gnu/arm/5.4.1/bin/../lib/gcc/arm-none-eabi/5.4.1/../../../../arm-none-eabi/lib/armv7-m\libg_nano.a(lib_a-memcpy-stub.o)
 .bss           0x00000000        0x0 c:/program files (x86)/cypress/psoc creator/4.4/psoc creator/import/gnu/arm/5.4.1/bin/../lib/gcc/arm-none-eabi/5.4.1/../../../../arm-none-eabi/lib/armv7-m\libg_nano.a(lib_a-memcpy-stub.o)
 .text          0x00000000        0x0 c:/program files (x86)/cypress/psoc creator/4.4/psoc creator/import/gnu/arm/5.4.1/bin/../lib/gcc/arm-none-eabi/5.4.1/../../../../arm-none-eabi/lib/armv7-m\libg_nano.a(lib_a-memset.o)
 .data          0x00000000        0x0 c:/program files (x86)/cypress/psoc creator/4.4/psoc creator/import/gnu/arm/5.4.1/bin/../lib/gcc/arm-none-eabi/5.4.1/../../../../arm-none-eabi/lib/armv7-m\libg_nano.a(lib_a-memset.o)
 .bss           0x00000000        0x0 c:/program files (x86)/cypress/psoc creator/4.4/psoc creator/import/gnu/arm/5.4.1/bin/../lib/gcc/arm-none-eabi/5.4.1/../../../../arm-none-eabi/lib/armv7-m\libg_nano.a(lib_a-memset.o)
 .text          0x00000000        0x0 c:/program files (x86)/cypress/psoc creator/4.4/psoc creator/import/gnu/arm/5.4.1/bin/../lib/gcc/arm-none-eabi/5.4.1/armv7-m/crtend.o
 .data          0x00000000        0x0 c:/program files (x86)/cypress/psoc creator/4.4/psoc creator/import/gnu/arm/5.4.1/bin/../lib/gcc/arm-none-eabi/5.4.1/armv7-m/crtend.o
 .bss           0x00000000        0x0 c:/program files (x86)/cypress/psoc creator/4.4/psoc creator/import/gnu/arm/5.4.1/bin/../lib/gcc/arm-none-eabi/5.4.1/armv7-m/crtend.o
 .text          0x00000000        0x0 c:/program files (x86)/cypress/psoc creator/4.4/psoc creator/import/gnu/arm/5.4.1/bin/../lib/gcc/arm-none-eabi/5.4.1/armv7-m/crtn.o
 .data          0x00000000        0x0 c:/program files (x86)/cypress/psoc creator/4.4/psoc creator/import/gnu/arm/5.4.1/bin/../lib/gcc/arm-none-eabi/5.4.1/armv7-m/crtn.o
 .bss           0x00000000        0x0 c:/program files (x86)/cypress/psoc creator/4.4/psoc creator/import/gnu/arm/5.4.1/bin/../lib/gcc/arm-none-eabi/5.4.1/armv7-m/crtn.o

Memory Configuration

Name             Origin             Length             Attributes
rom              0x00000000         0x00040000         xr
ram              0x1fff8000         0x00010000         xrw
*default*        0x00000000         0xffffffff

Linker script and memory map

LOAD c:/program files (x86)/cypress/psoc creator/4.4/psoc creator/import/gnu/arm/5.4.1/bin/../lib/gcc/arm-none-eabi/5.4.1/armv7-m/crti.o
LOAD c:/program files (x86)/cypress/psoc creator/4.4/psoc creator/import/gnu/arm/5.4.1/bin/../lib/gcc/arm-none-eabi/5.4.1/armv7-m/crtbegin.o
LOAD c:/program files (x86)/cypress/psoc creator/4.4/psoc creator/import/gnu/arm/5.4.1/bin/../lib/gcc/arm-none-eabi/5.4.1/../../../../arm-none-eabi/lib/armv7-m/crt0.o
START GROUP
LOAD .\CortexM3\ARM_GCC_541\Debug\main.o
LOAD .\CortexM3\ARM_GCC_541\Debug\functions.o
LOAD .\CortexM3\ARM_GCC_541\Debug\cyfitter_cfg.o
LOAD .\CortexM3\ARM_GCC_541\Debug\cymetadata.o
LOAD .\CortexM3\ARM_GCC_541\Debug\Cm3Start.o
LOAD .\CortexM3\ARM_GCC_541\Debug\led.a
LOAD C:\Program Files (x86)\Cypress\PSoC Creator\4.4\PSoC Creator\psoc\content\cycomponentlibrary\CyComponentLibrary.cylib\CortexM3\ARM_GCC_541\Debug\CyComponentLibrary.a
END GROUP
START GROUP
LOAD c:/program files (x86)/cypress/psoc creator/4.4/psoc creator/import/gnu/arm/5.4.1/bin/../lib/gcc/arm-none-eabi/5.4.1/armv7-m\libgcc.a
LOAD c:/program files (x86)/cypress/psoc creator/4.4/psoc creator/import/gnu/arm/5.4.1/bin/../lib/gcc/arm-none-eabi/5.4.1/../../../../arm-none-eabi/lib/armv7-m\libg_nano.a
LOAD c:/program files (x86)/cypress/psoc creator/4.4/psoc creator/import/gnu/arm/5.4.1/bin/../lib/gcc/arm-none-eabi/5.4.1/../../../../arm-none-eabi/lib/armv7-m\libc_nano.a
END GROUP
START GROUP
LOAD c:/program files (x86)/cypress/psoc creator/4.4/psoc creator/import/gnu/arm/5.4.1/bin/../lib/gcc/arm-none-eabi/5.4.1/armv7-m\libgcc.a
LOAD c:/program files (x86)/cypress/psoc creator/4.4/psoc creator/import/gnu/arm/5.4.1/bin/../lib/gcc/arm-none-eabi/5.4.1/../../../../arm-none-eabi/lib/armv7-m\libc_nano.a
END GROUP
LOAD c:/program files (x86)/cypress/psoc creator/4.4/psoc creator/import/gnu/arm/5.4.1/bin/../lib/gcc/arm-none-eabi/5.4.1/armv7-m/crtend.o
LOAD c:/program files (x86)/cypress/psoc creator/4.4/psoc creator/import/gnu/arm/5.4.1/bin/../lib/gcc/arm-none-eabi/5.4.1/armv7-m/crtn.o
START GROUP
LOAD c:/program files (x86)/cypress/psoc creator/4.4/psoc creator/import/gnu/arm/5.4.1/bin/../lib/gcc/arm-none-eabi/5.4.1/armv7-m\libgcc.a
LOAD c:/program files (x86)/cypress/psoc creator/4.4/psoc creator/import/gnu/arm/5.4.1/bin/../lib/gcc/arm-none-eabi/5.4.1/../../../../arm-none-eabi/lib/armv7-m\libc.a
LOAD c:/program files (x86)/cypress/psoc creator/4.4/psoc creator/import/gnu/arm/5.4.1/bin/../lib/gcc/arm-none-eabi/5.4.1/../../../../arm-none-eabi/lib/armv7-m\libnosys.a
END GROUP
                0x00000000                CY_APPL_ORIGIN = 0x0
                0x00000100                CY_FLASH_ROW_SIZE = 0x100
                0x00000020                CY_ECC_ROW_SIZE = 0x20
                0x00000000                CY_EE_IN_BTLDR = 0x0
                0x00000000                CY_APPL_LOADABLE = 0x0
                0x00000800                CY_EE_SIZE = 0x800
                0x00000001                CY_APPL_NUM = 0x1
                0x00000001                CY_APPL_MAX = 0x1
                0x00000040                CY_METADATA_SIZE = 0x40
                0x00000000                CY_APPL_LOADABLE = 0x0
                0x00000000                CY_CHECKSUM_EXCLUDE_SIZE = ALIGN (0x0, CY_FLASH_ROW_SIZE)
                [!provide]                PROVIDE (__cy_heap_start, _end)
                0x00000001                PROVIDE (__cy_region_num, ((__cy_regions_end - __cy_regions) / 0x10))
                0x20008000                PROVIDE (__cy_stack, (ORIGIN (ram) + LENGTH (ram)))
                [!provide]                PROVIDE (__cy_heap_end, (__cy_stack - 0x800))

.cybootloader   0x00000000        0x0
 *(.cybootloader)
                0x00000000                appl1_start = CY_APPL_ORIGIN?CY_APPL_ORIGIN:ALIGN (CY_FLASH_ROW_SIZE)
                0x0001ff00                appl2_start = (appl1_start + ALIGN ((((LENGTH (rom) - appl1_start) - (0x2 * CY_FLASH_ROW_SIZE)) / 0x2), CY_FLASH_ROW_SIZE))
                0x00000000                appl_start = (CY_APPL_NUM == 0x1)?appl1_start:appl2_start
                0x00000000                ecc_offset = ((appl_start / CY_FLASH_ROW_SIZE) * CY_ECC_ROW_SIZE)
                0x00000000                ee_offset = (CY_APPL_LOADABLE && ! (CY_EE_IN_BTLDR))?((CY_EE_SIZE / CY_APPL_MAX) * (CY_APPL_NUM - 0x1)):0x0
                0x00000800                ee_size = (CY_APPL_LOADABLE && ! (CY_EE_IN_BTLDR))?(CY_EE_SIZE / CY_APPL_MAX):CY_EE_SIZE
                [!provide]                PROVIDE (CY_ECC_OFFSET, ecc_offset)

.text           0x00000000      0x71e
 CREATE_OBJECT_SYMBOLS
                0x00000000                PROVIDE (__cy_interrupt_vector, RomVectors)
 *(.romvectors)
 .romvectors    0x00000000       0x10 .\CortexM3\ARM_GCC_541\Debug\Cm3Start.o
                0x00000000                RomVectors
                0x00000001                ASSERT ((. != __cy_interrupt_vector), No interrupt vector)
                0x00000001                ASSERT (CY_APPL_ORIGIN?(SIZEOF (.cybootloader) <= CY_APPL_ORIGIN):0x1, Wrong image location)
                0x00000010                PROVIDE (__cy_reset, Reset)
 *(.text.Reset)
 .text.Reset    0x00000010       0x18 .\CortexM3\ARM_GCC_541\Debug\Cm3Start.o
                0x00000010                Reset
                0x00000001                ASSERT ((. != __cy_reset), No reset code)
 *(.dma_init)
                0x00000001                ASSERT ((((appl_start + .) <= 0x10000) || 0x1), DMA Init must be within the first 64k of flash)
 *(.text .text.* .gnu.linkonce.t.*)
 .text          0x00000028       0x5c c:/program files (x86)/cypress/psoc creator/4.4/psoc creator/import/gnu/arm/5.4.1/bin/../lib/gcc/arm-none-eabi/5.4.1/armv7-m/crtbegin.o
 .text.ISR_2_handler
                0x00000084       0x24 .\CortexM3\ARM_GCC_541\Debug\main.o
                0x00000084                ISR_2_handler
 .text.main     0x000000a8       0x18 .\CortexM3\ARM_GCC_541\Debug\main.o
                0x000000a8                main
 .text.handleByteReceived
                0x000000c0       0x40 .\CortexM3\ARM_GCC_541\Debug\functions.o
                0x000000c0                handleByteReceived
 .text.CyClockStartupError
                0x00000100        0x4 .\CortexM3\ARM_GCC_541\Debug\cyfitter_cfg.o
 .text.cfg_write_bytes32
                0x00000104       0x34 .\CortexM3\ARM_GCC_541\Debug\cyfitter_cfg.o
 .text.AnalogSetDefault
                0x00000138       0x28 .\CortexM3\ARM_GCC_541\Debug\cyfitter_cfg.o
 .text.CYMEMZERO
                0x00000160        0xc .\CortexM3\ARM_GCC_541\Debug\cyfitter_cfg.o
 .text.ClockSetup
                0x0000016c       0xc8 .\CortexM3\ARM_GCC_541\Debug\cyfitter_cfg.o
 .text.CYCONFIGCPY
                0x00000234        0x8 .\CortexM3\ARM_GCC_541\Debug\cyfitter_cfg.o
 .text.cyfitter_cfg
                0x0000023c      0x110 .\CortexM3\ARM_GCC_541\Debug\cyfitter_cfg.o
                0x0000023c                cyfitter_cfg
 .text.IntDefaultHandler
                0x0000034c       0x10 .\CortexM3\ARM_GCC_541\Debug\Cm3Start.o
                0x0000034c                IntDefaultHandler
 .text.Start_c  0x0000035c       0x4c .\CortexM3\ARM_GCC_541\Debug\Cm3Start.o
                0x0000035c                Start_c
 .text.initialize_psoc
                0x000003a8       0x68 .\CortexM3\ARM_GCC_541\Debug\Cm3Start.o
                0x000003a8                initialize_psoc
 .text.SPIM_1_Enable
                0x00000410       0x34 .\CortexM3\ARM_GCC_541\Debug\led.a(SPIM_1.o)
                0x00000410                SPIM_1_Enable
 .text.SPIM_1_ReadTxStatus
                0x00000444        0xc .\CortexM3\ARM_GCC_541\Debug\led.a(SPIM_1.o)
                0x00000444                SPIM_1_ReadTxStatus
 .text.SPIM_1_ReadRxStatus
                0x00000450        0xc .\CortexM3\ARM_GCC_541\Debug\led.a(SPIM_1.o)
                0x00000450                SPIM_1_ReadRxStatus
 .text.SPIM_1_WriteTxData
                0x0000045c       0x18 .\CortexM3\ARM_GCC_541\Debug\led.a(SPIM_1.o)
                0x0000045c                SPIM_1_WriteTxData
 .text.SPIM_1_ReadRxData
                0x00000474        0xc .\CortexM3\ARM_GCC_541\Debug\led.a(SPIM_1.o)
                0x00000474                SPIM_1_ReadRxData
 .text.SPIM_1_ClearFIFO
                0x00000480       0x3c .\CortexM3\ARM_GCC_541\Debug\led.a(SPIM_1.o)
                0x00000480                SPIM_1_ClearFIFO
 .text.SPIM_1_Init
                0x000004bc       0x2c .\CortexM3\ARM_GCC_541\Debug\led.a(SPIM_1.o)
                0x000004bc                SPIM_1_Init
 .text.SPIM_1_Start
                0x000004e8       0x1c .\CortexM3\ARM_GCC_541\Debug\led.a(SPIM_1.o)
                0x000004e8                SPIM_1_Start
 .text.UART_1_Init
                0x00000504       0x28 .\CortexM3\ARM_GCC_541\Debug\led.a(UART_1.o)
                0x00000504                UART_1_Init
 .text.UART_1_Enable
                0x0000052c       0x38 .\CortexM3\ARM_GCC_541\Debug\led.a(UART_1.o)
                0x0000052c                UART_1_Enable
 .text.UART_1_Start
                0x00000564       0x1c .\CortexM3\ARM_GCC_541\Debug\led.a(UART_1.o)
                0x00000564                UART_1_Start
 .text.UART_1_ReadRxData
                0x00000580        0xc .\CortexM3\ARM_GCC_541\Debug\led.a(UART_1.o)
                0x00000580                UART_1_ReadRxData
 .text.UART_1_GetRxBufferSize
                0x0000058c       0x18 .\CortexM3\ARM_GCC_541\Debug\led.a(UART_1.o)
                0x0000058c                UART_1_GetRxBufferSize
 .text.UART_1_WriteTxData
                0x000005a4       0x14 .\CortexM3\ARM_GCC_541\Debug\led.a(UART_1.o)
                0x000005a4                UART_1_WriteTxData
 .text.UART_1_PutChar
                0x000005b8       0x18 .\CortexM3\ARM_GCC_541\Debug\led.a(UART_1.o)
                0x000005b8                UART_1_PutChar
 .text.UART_1_PutString
                0x000005d0       0x24 .\CortexM3\ARM_GCC_541\Debug\led.a(UART_1.o)
                0x000005d0                UART_1_PutString
 .text.SPIM_1_IntClock_Start
                0x000005f4       0x1c .\CortexM3\ARM_GCC_541\Debug\led.a(SPIM_1_IntClock.o)
                0x000005f4                SPIM_1_IntClock_Start
 .text.UART_1_IntClock_Start
                0x00000610       0x1c .\CortexM3\ARM_GCC_541\Debug\led.a(UART_1_IntClock.o)
                0x00000610                UART_1_IntClock_Start
 .text.isr_2_SetVector
                0x0000062c        0xc .\CortexM3\ARM_GCC_541\Debug\led.a(isr_2.o)
                0x0000062c                isr_2_SetVector
 .text.isr_2_SetPriority
                0x00000638       0x10 .\CortexM3\ARM_GCC_541\Debug\led.a(isr_2.o)
                0x00000638                isr_2_SetPriority
 .text.isr_2_Enable
                0x00000648        0xc .\CortexM3\ARM_GCC_541\Debug\led.a(isr_2.o)
                0x00000648                isr_2_Enable
 .text.isr_2_Disable
                0x00000654        0xc .\CortexM3\ARM_GCC_541\Debug\led.a(isr_2.o)
                0x00000654                isr_2_Disable
 .text.isr_2_StartEx
                0x00000660       0x1c .\CortexM3\ARM_GCC_541\Debug\led.a(isr_2.o)
                0x00000660                isr_2_StartEx
 *fill*         0x0000067c        0x4 
 .text          0x00000680       0x20 .\CortexM3\ARM_GCC_541\Debug\led.a(CyBootAsmGnu.o)
                0x00000680                CyDelayCycles
                0x00000690                CyEnterCriticalSection
                0x00000698                CyExitCriticalSection
 .text.__errno  0x000006a0        0xc c:/program files (x86)/cypress/psoc creator/4.4/psoc creator/import/gnu/arm/5.4.1/bin/../lib/gcc/arm-none-eabi/5.4.1/../../../../arm-none-eabi/lib/armv7-m\libg_nano.a(lib_a-errno.o)
                0x000006a0                __errno
 .text.__libc_init_array
                0x000006ac       0x4c c:/program files (x86)/cypress/psoc creator/4.4/psoc creator/import/gnu/arm/5.4.1/bin/../lib/gcc/arm-none-eabi/5.4.1/../../../../arm-none-eabi/lib/armv7-m\libg_nano.a(lib_a-init.o)
                0x000006ac                __libc_init_array
 .text.memcpy   0x000006f8       0x16 c:/program files (x86)/cypress/psoc creator/4.4/psoc creator/import/gnu/arm/5.4.1/bin/../lib/gcc/arm-none-eabi/5.4.1/../../../../arm-none-eabi/lib/armv7-m\libg_nano.a(lib_a-memcpy-stub.o)
                0x000006f8                memcpy
 .text.memset   0x0000070e       0x10 c:/program files (x86)/cypress/psoc creator/4.4/psoc creator/import/gnu/arm/5.4.1/bin/../lib/gcc/arm-none-eabi/5.4.1/../../../../arm-none-eabi/lib/armv7-m\libg_nano.a(lib_a-memset.o)
                0x0000070e                memset
 *(.plt)
 *(.gnu.warning)
 *(.glue_7t)
 .glue_7t       0x0000071e        0x0 linker stubs
 *(.glue_7)
 .glue_7        0x0000071e        0x0 linker stubs
 *(.vfp11_veneer)
 .vfp11_veneer  0x0000071e        0x0 linker stubs
 *(.bootloader)
 *(.ARM.extab* .gnu.linkonce.armextab.*)
 *(.gcc_except_table)

.v4_bx          0x00000720        0x0
 .v4_bx         0x00000720        0x0 linker stubs

.iplt           0x00000720        0x0
 .iplt          0x00000720        0x0 c:/program files (x86)/cypress/psoc creator/4.4/psoc creator/import/gnu/arm/5.4.1/bin/../lib/gcc/arm-none-eabi/5.4.1/armv7-m/crtbegin.o

.eh_frame_hdr
 *(.eh_frame_hdr)

.eh_frame       0x00000720        0x4
 *(.eh_frame)
 .eh_frame      0x00000720        0x0 c:/program files (x86)/cypress/psoc creator/4.4/psoc creator/import/gnu/arm/5.4.1/bin/../lib/gcc/arm-none-eabi/5.4.1/armv7-m/crtbegin.o
 .eh_frame      0x00000720        0x4 c:/program files (x86)/cypress/psoc creator/4.4/psoc creator/import/gnu/arm/5.4.1/bin/../lib/gcc/arm-none-eabi/5.4.1/armv7-m/crtend.o
                [!provide]                PROVIDE (__exidx_start, .)

.ARM.exidx
 *(.ARM.exidx* .gnu.linkonce.armexidx.*)
                0x00000724                __exidx_end = .

.rodata         0x00000724       0xa4
 *(.rodata .rodata.* .gnu.linkonce.r.*)
 .rodata.str1.4
                0x00000724       0x28 .\CortexM3\ARM_GCC_541\Debug\functions.o
                                 0x26 (size before relaxing)
 .rodata        0x0000074c       0x42 .\CortexM3\ARM_GCC_541\Debug\cyfitter_cfg.o
 .rodata.str1.1
                0x0000078e        0x2 c:/program files (x86)/cypress/psoc creator/4.4/psoc creator/import/gnu/arm/5.4.1/bin/../lib/gcc/arm-none-eabi/5.4.1/../../../../arm-none-eabi/lib/armv7-m\libg_nano.a(lib_a-impure.o)
                0x00000790                . = ALIGN (0x4)
 *(.init)
 .init          0x00000790        0x4 c:/program files (x86)/cypress/psoc creator/4.4/psoc creator/import/gnu/arm/5.4.1/bin/../lib/gcc/arm-none-eabi/5.4.1/armv7-m/crti.o
                0x00000790                _init
 .init          0x00000794        0x8 c:/program files (x86)/cypress/psoc creator/4.4/psoc creator/import/gnu/arm/5.4.1/bin/../lib/gcc/arm-none-eabi/5.4.1/armv7-m/crtn.o
                0x0000079c                . = ALIGN (0x4)
                0x0000079c                __preinit_array_start = .
 *(.preinit_array)
                0x0000079c                __preinit_array_end = .
                0x0000079c                . = ALIGN (0x4)
                0x0000079c                __init_array_start = .
 *(SORT(.init_array.*))
 *(.init_array)
 .init_array    0x0000079c        0x4 c:/program files (x86)/cypress/psoc creator/4.4/psoc creator/import/gnu/arm/5.4.1/bin/../lib/gcc/arm-none-eabi/5.4.1/armv7-m/crtbegin.o
 .init_array    0x000007a0        0x4 .\CortexM3\ARM_GCC_541\Debug\Cm3Start.o
                0x000007a4                __init_array_end = .
                0x000007a4                . = ALIGN (0x4)
 *(.fini)
 .fini          0x000007a4        0x4 c:/program files (x86)/cypress/psoc creator/4.4/psoc creator/import/gnu/arm/5.4.1/bin/../lib/gcc/arm-none-eabi/5.4.1/armv7-m/crti.o
                0x000007a4                _fini
 .fini          0x000007a8        0x8 c:/program files (x86)/cypress/psoc creator/4.4/psoc creator/import/gnu/arm/5.4.1/bin/../lib/gcc/arm-none-eabi/5.4.1/armv7-m/crtn.o
                0x000007b0                . = ALIGN (0x4)
                0x000007b0                __fini_array_start = .
 *(.fini_array)
 .fini_array    0x000007b0        0x4 c:/program files (x86)/cypress/psoc creator/4.4/psoc creator/import/gnu/arm/5.4.1/bin/../lib/gcc/arm-none-eabi/5.4.1/armv7-m/crtbegin.o
 *(SORT(.fini_array.*))
                0x000007b4                __fini_array_end = .
                0x000007b4                . = ALIGN (0x4)
 *crtbegin.o(.ctors)
 *(EXCLUDE_FILE(*crtend.o) .ctors)
 *(SORT(.ctors.*))
 *crtend.o(.ctors)
                0x000007b4                . = ALIGN (0x4)
 *crtbegin.o(.dtors)
 *(EXCLUDE_FILE(*crtend.o) .dtors)
 *(SORT(.dtors.*))
 *crtend.o(.dtors)
                0x000007b4                . = ALIGN (0x4)
                0x000007b4                __cy_regions = .
                0x000007b4        0x4 LONG 0x7c8 __cy_region_init_ram
                0x000007b8        0x4 LONG 0x1fff80c8 __cy_region_start_data
                0x000007bc        0x4 LONG 0x70 __cy_region_init_size_ram
                0x000007c0        0x4 LONG 0x20 __cy_region_zero_size_ram
                0x000007c4                __cy_regions_end = .
                0x000007c8                . = ALIGN (0x8)
 *fill*         0x000007c4        0x4 
                0x000007c8                _etext = .

.cy_checksum_exclude
                0x000007c8        0x0
 *(.cy_checksum_exclude)

.ramvectors     0x1fff8000       0xc0
                0x1fff8000                __cy_region_start_ram = .
 *(.ramvectors)
 .ramvectors    0x1fff8000       0xc0 .\CortexM3\ARM_GCC_541\Debug\Cm3Start.o
                0x1fff8000                CyRamVectors

.noinit         0x1fff80c0        0x1
 *(.noinit)
 .noinit        0x1fff80c0        0x1 .\CortexM3\ARM_GCC_541\Debug\led.a(CyLib.o)
                0x1fff80c0                CyResetStatus

.data           0x1fff80c8       0x70 load address 0x000007c8
                0x1fff80c8                __cy_region_start_data = .
 *(.jcr)
 .jcr           0x1fff80c8        0x0 c:/program files (x86)/cypress/psoc creator/4.4/psoc creator/import/gnu/arm/5.4.1/bin/../lib/gcc/arm-none-eabi/5.4.1/armv7-m/crtbegin.o
 .jcr           0x1fff80c8        0x4 c:/program files (x86)/cypress/psoc creator/4.4/psoc creator/import/gnu/arm/5.4.1/bin/../lib/gcc/arm-none-eabi/5.4.1/armv7-m/crtend.o
 *(.got.plt)
 *(.got)
 *(.shdata)
 *(.data .data.* .gnu.linkonce.d.*)
 .data          0x1fff80cc        0x2 .\CortexM3\ARM_GCC_541\Debug\functions.o
                0x1fff80cc                onData
                0x1fff80cd                offData
 *fill*         0x1fff80ce        0x2 
 .data.impure_data
                0x1fff80d0       0x60 c:/program files (x86)/cypress/psoc creator/4.4/psoc creator/import/gnu/arm/5.4.1/bin/../lib/gcc/arm-none-eabi/5.4.1/../../../../arm-none-eabi/lib/armv7-m\libg_nano.a(lib_a-impure.o)
 .data._impure_ptr
                0x1fff8130        0x4 c:/program files (x86)/cypress/psoc creator/4.4/psoc creator/import/gnu/arm/5.4.1/bin/../lib/gcc/arm-none-eabi/5.4.1/../../../../arm-none-eabi/lib/armv7-m\libg_nano.a(lib_a-impure.o)
                0x1fff8130                _impure_ptr
                0x1fff8138                . = ALIGN (0x8)
 *fill*         0x1fff8134        0x4 
 *(.ram)
                0x1fff8138                _edata = .

.igot.plt       0x1fff8138        0x0 load address 0x00000838
 .igot.plt      0x1fff8138        0x0 c:/program files (x86)/cypress/psoc creator/4.4/psoc creator/import/gnu/arm/5.4.1/bin/../lib/gcc/arm-none-eabi/5.4.1/armv7-m/crtbegin.o

.bss            0x1fff8138       0x20 load address 0x00000838
                0x1fff8138                PROVIDE (__bss_start__, .)
 *(.shbss)
 *(.bss .bss.* .gnu.linkonce.b.*)
 .bss           0x1fff8138       0x1c c:/program files (x86)/cypress/psoc creator/4.4/psoc creator/import/gnu/arm/5.4.1/bin/../lib/gcc/arm-none-eabi/5.4.1/armv7-m/crtbegin.o
 .bss           0x1fff8154        0x1 .\CortexM3\ARM_GCC_541\Debug\led.a(SPIM_1.o)
                0x1fff8154                SPIM_1_initVar
 .bss           0x1fff8155        0x2 .\CortexM3\ARM_GCC_541\Debug\led.a(UART_1.o)
                0x1fff8155                UART_1_initVar
 *(COMMON)
                0x1fff8158                . = ALIGN (0x8)
 *fill*         0x1fff8157        0x1 
 *(.ram.b)
                0x1fff8158                _end = .
                0x1fff8158                __end = .
                0x1fff8158                PROVIDE (end, .)
                0x1fff8158                PROVIDE (__bss_end__, .)
                0x000007c8                __cy_region_init_ram = LOADADDR (.data)
                0x00000070                __cy_region_init_size_ram = (_edata - ADDR (.data))
                0x00000020                __cy_region_zero_size_ram = (_end - _edata)

.heap           0x1fff8158       0x80 load address 0x00000838
                0x1fff8158                . = _end
                0x1fff81d8                . = (. + 0x80)
 *fill*         0x1fff8158       0x80 
                0x1fff81d8                __cy_heap_limit = .

.stack          0x20007800      0x800
                0x20007800                __cy_stack_limit = .
                0x20008000                . = (. + 0x800)
 *fill*         0x20007800      0x800 
                0x00000001                ASSERT ((__cy_stack_limit >= __cy_heap_limit), region RAM overflowed with stack)
                0x00000000                cy_checksum_exclude_size = (CY_APPL_LOADABLE == 0x1)?SIZEOF (.cy_checksum_exclude):0x0
                0x00000001                ASSERT ((cy_checksum_exclude_size <= CY_CHECKSUM_EXCLUDE_SIZE), CY_BOOT: Section .cy_checksum_exclude size exceedes specified limit.)

.cyloadermeta
 *(.cyloadermeta)

.cyloadablemeta
 *(.cyloadablemeta)

.cyconfigecc    0x80000000      0x5a4
 *(.cyconfigecc)
 .cyconfigecc   0x80000000      0x5a4 .\CortexM3\ARM_GCC_541\Debug\cymetadata.o
                0x80000000                cy_meta_configecc

.cycustnvl      0x90000000        0x4
 *(.cycustnvl)
 .cycustnvl     0x90000000        0x4 .\CortexM3\ARM_GCC_541\Debug\cymetadata.o
                0x90000000                cy_meta_custnvl

.cywolatch      0x90100000        0x4
 *(.cywolatch)
 .cywolatch     0x90100000        0x4 .\CortexM3\ARM_GCC_541\Debug\cymetadata.o
                0x90100000                cy_meta_wonvl

.cyeeprom       0x90200000        0x0
 *(.cyeeprom)
                0x00000001                ASSERT ((. <= ((0x90200000 + ee_offset) + ee_size)), .cyeeprom data will not fit in EEPROM)

.cyflashprotect
                0x90400000      0x100
 *(.cyflashprotect)
 .cyflashprotect
                0x90400000      0x100 .\CortexM3\ARM_GCC_541\Debug\cymetadata.o
                0x90400000                cy_meta_flashprotect

.cymeta         0x90500000        0xc
 *(.cymeta)
 .cymeta        0x90500000        0xc .\CortexM3\ARM_GCC_541\Debug\cymetadata.o
                0x90500000                cy_metadata

.rel.dyn        0x00000838        0x0 load address 0x9050000c
 .rel.iplt      0x00000838        0x0 c:/program files (x86)/cypress/psoc creator/4.4/psoc creator/import/gnu/arm/5.4.1/bin/../lib/gcc/arm-none-eabi/5.4.1/armv7-m/crtbegin.o

.stab
 *(.stab)

.stabstr
 *(.stabstr)

.debug
 *(.debug)

.line
 *(.line)

.debug_srcinfo
 *(.debug_srcinfo)

.debug_sfnames
 *(.debug_sfnames)

.debug_aranges  0x00000000      0x888
 *(.debug_aranges)
 .debug_aranges
                0x00000000       0x28 .\CortexM3\ARM_GCC_541\Debug\main.o
 .debug_aranges
                0x00000028       0x20 .\CortexM3\ARM_GCC_541\Debug\functions.o
 .debug_aranges
                0x00000048       0x58 .\CortexM3\ARM_GCC_541\Debug\cyfitter_cfg.o
 .debug_aranges
                0x000000a0       0x18 .\CortexM3\ARM_GCC_541\Debug\cymetadata.o
 .debug_aranges
                0x000000b8       0x48 .\CortexM3\ARM_GCC_541\Debug\Cm3Start.o
 .debug_aranges
                0x00000100       0xd8 .\CortexM3\ARM_GCC_541\Debug\led.a(SPIM_1.o)
 .debug_aranges
                0x000001d8       0xf0 .\CortexM3\ARM_GCC_541\Debug\led.a(UART_1.o)
 .debug_aranges
                0x000002c8       0x70 .\CortexM3\ARM_GCC_541\Debug\led.a(SPIM_1_IntClock.o)
 .debug_aranges
                0x00000338       0x70 .\CortexM3\ARM_GCC_541\Debug\led.a(UART_1_IntClock.o)
 .debug_aranges
                0x000003a8      0x2a0 .\CortexM3\ARM_GCC_541\Debug\led.a(CyLib.o)
 .debug_aranges
                0x00000648       0x98 .\CortexM3\ARM_GCC_541\Debug\led.a(cyPm.o)
 .debug_aranges
                0x000006e0       0x80 .\CortexM3\ARM_GCC_541\Debug\led.a(isr_2.o)
 .debug_aranges
                0x00000760       0x20 .\CortexM3\ARM_GCC_541\Debug\led.a(CyBootAsmGnu.o)
 .debug_aranges
                0x00000780       0x88 .\CortexM3\ARM_GCC_541\Debug\led.a(CyFlash.o)
 .debug_aranges
                0x00000808       0x80 .\CortexM3\ARM_GCC_541\Debug\led.a(CySpc.o)

.debug_pubnames
 *(.debug_pubnames)

.debug_info     0x00000000     0x4a4d
 *(.debug_info .gnu.linkonce.wi.*)
 .debug_info    0x00000000      0x1d0 .\CortexM3\ARM_GCC_541\Debug\main.o
 .debug_info    0x000001d0      0x197 .\CortexM3\ARM_GCC_541\Debug\functions.o
 .debug_info    0x00000367      0x595 .\CortexM3\ARM_GCC_541\Debug\cyfitter_cfg.o
 .debug_info    0x000008fc      0x136 .\CortexM3\ARM_GCC_541\Debug\cymetadata.o
 .debug_info    0x00000a32      0x3bb .\CortexM3\ARM_GCC_541\Debug\Cm3Start.o
 .debug_info    0x00000ded      0x4bb .\CortexM3\ARM_GCC_541\Debug\led.a(SPIM_1.o)
 .debug_info    0x000012a8      0x60c .\CortexM3\ARM_GCC_541\Debug\led.a(UART_1.o)
 .debug_info    0x000018b4      0x283 .\CortexM3\ARM_GCC_541\Debug\led.a(SPIM_1_IntClock.o)
 .debug_info    0x00001b37      0x283 .\CortexM3\ARM_GCC_541\Debug\led.a(UART_1_IntClock.o)
 .debug_info    0x00001dba     0x1374 .\CortexM3\ARM_GCC_541\Debug\led.a(CyLib.o)
 .debug_info    0x0000312e      0xa2a .\CortexM3\ARM_GCC_541\Debug\led.a(cyPm.o)
 .debug_info    0x00003b58      0x2d2 .\CortexM3\ARM_GCC_541\Debug\led.a(isr_2.o)
 .debug_info    0x00003e2a       0x86 .\CortexM3\ARM_GCC_541\Debug\led.a(CyBootAsmGnu.o)
 .debug_info    0x00003eb0      0x64d .\CortexM3\ARM_GCC_541\Debug\led.a(CyFlash.o)
 .debug_info    0x000044fd      0x550 .\CortexM3\ARM_GCC_541\Debug\led.a(CySpc.o)

.debug_abbrev   0x00000000     0x13fa
 *(.debug_abbrev)
 .debug_abbrev  0x00000000       0xe2 .\CortexM3\ARM_GCC_541\Debug\main.o
 .debug_abbrev  0x000000e2       0xbe .\CortexM3\ARM_GCC_541\Debug\functions.o
 .debug_abbrev  0x000001a0      0x20d .\CortexM3\ARM_GCC_541\Debug\cyfitter_cfg.o
 .debug_abbrev  0x000003ad       0x77 .\CortexM3\ARM_GCC_541\Debug\cymetadata.o
 .debug_abbrev  0x00000424      0x1e8 .\CortexM3\ARM_GCC_541\Debug\Cm3Start.o
 .debug_abbrev  0x0000060c      0x146 .\CortexM3\ARM_GCC_541\Debug\led.a(SPIM_1.o)
 .debug_abbrev  0x00000752      0x175 .\CortexM3\ARM_GCC_541\Debug\led.a(UART_1.o)
 .debug_abbrev  0x000008c7      0x139 .\CortexM3\ARM_GCC_541\Debug\led.a(SPIM_1_IntClock.o)
 .debug_abbrev  0x00000a00      0x139 .\CortexM3\ARM_GCC_541\Debug\led.a(UART_1_IntClock.o)
 .debug_abbrev  0x00000b39      0x254 .\CortexM3\ARM_GCC_541\Debug\led.a(CyLib.o)
 .debug_abbrev  0x00000d8d      0x1ab .\CortexM3\ARM_GCC_541\Debug\led.a(cyPm.o)
 .debug_abbrev  0x00000f38      0x173 .\CortexM3\ARM_GCC_541\Debug\led.a(isr_2.o)
 .debug_abbrev  0x000010ab       0x14 .\CortexM3\ARM_GCC_541\Debug\led.a(CyBootAsmGnu.o)
 .debug_abbrev  0x000010bf      0x1a7 .\CortexM3\ARM_GCC_541\Debug\led.a(CyFlash.o)
 .debug_abbrev  0x00001266      0x194 .\CortexM3\ARM_GCC_541\Debug\led.a(CySpc.o)

.debug_line     0x00000000     0x221c
 *(.debug_line)
 .debug_line    0x00000000      0x1a5 .\CortexM3\ARM_GCC_541\Debug\main.o
 .debug_line    0x000001a5      0x17b .\CortexM3\ARM_GCC_541\Debug\functions.o
 .debug_line    0x00000320      0x1f5 .\CortexM3\ARM_GCC_541\Debug\cyfitter_cfg.o
 .debug_line    0x00000515      0x141 .\CortexM3\ARM_GCC_541\Debug\cymetadata.o
 .debug_line    0x00000656      0x234 .\CortexM3\ARM_GCC_541\Debug\Cm3Start.o
 .debug_line    0x0000088a      0x247 .\CortexM3\ARM_GCC_541\Debug\led.a(SPIM_1.o)
 .debug_line    0x00000ad1      0x2c0 .\CortexM3\ARM_GCC_541\Debug\led.a(UART_1.o)
 .debug_line    0x00000d91      0x17e .\CortexM3\ARM_GCC_541\Debug\led.a(SPIM_1_IntClock.o)
 .debug_line    0x00000f0f      0x17e .\CortexM3\ARM_GCC_541\Debug\led.a(UART_1_IntClock.o)
 .debug_line    0x0000108d      0x816 .\CortexM3\ARM_GCC_541\Debug\led.a(CyLib.o)
 .debug_line    0x000018a3      0x367 .\CortexM3\ARM_GCC_541\Debug\led.a(cyPm.o)
 .debug_line    0x00001c0a      0x132 .\CortexM3\ARM_GCC_541\Debug\led.a(isr_2.o)
 .debug_line    0x00001d3c       0x66 .\CortexM3\ARM_GCC_541\Debug\led.a(CyBootAsmGnu.o)
 .debug_line    0x00001da2      0x21a .\CortexM3\ARM_GCC_541\Debug\led.a(CyFlash.o)
 .debug_line    0x00001fbc      0x260 .\CortexM3\ARM_GCC_541\Debug\led.a(CySpc.o)

.debug_frame    0x00000000     0x1610
 *(.debug_frame)
 .debug_frame   0x00000000       0x4c .\CortexM3\ARM_GCC_541\Debug\main.o
 .debug_frame   0x0000004c       0x2c .\CortexM3\ARM_GCC_541\Debug\functions.o
 .debug_frame   0x00000078       0xe4 .\CortexM3\ARM_GCC_541\Debug\cyfitter_cfg.o
 .debug_frame   0x0000015c       0xb8 .\CortexM3\ARM_GCC_541\Debug\Cm3Start.o
 .debug_frame   0x00000214      0x1e8 .\CortexM3\ARM_GCC_541\Debug\led.a(SPIM_1.o)
 .debug_frame   0x000003fc      0x250 .\CortexM3\ARM_GCC_541\Debug\led.a(UART_1.o)
 .debug_frame   0x0000064c       0xe0 .\CortexM3\ARM_GCC_541\Debug\led.a(SPIM_1_IntClock.o)
 .debug_frame   0x0000072c       0xe0 .\CortexM3\ARM_GCC_541\Debug\led.a(UART_1_IntClock.o)
 .debug_frame   0x0000080c      0x738 .\CortexM3\ARM_GCC_541\Debug\led.a(CyLib.o)
 .debug_frame   0x00000f44      0x1f8 .\CortexM3\ARM_GCC_541\Debug\led.a(cyPm.o)
 .debug_frame   0x0000113c      0x104 .\CortexM3\ARM_GCC_541\Debug\led.a(isr_2.o)
 .debug_frame   0x00001240      0x194 .\CortexM3\ARM_GCC_541\Debug\led.a(CyFlash.o)
 .debug_frame   0x000013d4      0x180 .\CortexM3\ARM_GCC_541\Debug\led.a(CySpc.o)
 .debug_frame   0x00001554       0x20 c:/program files (x86)/cypress/psoc creator/4.4/psoc creator/import/gnu/arm/5.4.1/bin/../lib/gcc/arm-none-eabi/5.4.1/../../../../arm-none-eabi/lib/armv7-m\libg_nano.a(lib_a-errno.o)
 .debug_frame   0x00001574       0x28 c:/program files (x86)/cypress/psoc creator/4.4/psoc creator/import/gnu/arm/5.4.1/bin/../lib/gcc/arm-none-eabi/5.4.1/../../../../arm-none-eabi/lib/armv7-m\libg_nano.a(lib_a-exit.o)
 .debug_frame   0x0000159c       0x2c c:/program files (x86)/cypress/psoc creator/4.4/psoc creator/import/gnu/arm/5.4.1/bin/../lib/gcc/arm-none-eabi/5.4.1/../../../../arm-none-eabi/lib/armv7-m\libg_nano.a(lib_a-init.o)
 .debug_frame   0x000015c8       0x28 c:/program files (x86)/cypress/psoc creator/4.4/psoc creator/import/gnu/arm/5.4.1/bin/../lib/gcc/arm-none-eabi/5.4.1/../../../../arm-none-eabi/lib/armv7-m\libg_nano.a(lib_a-memcpy-stub.o)
 .debug_frame   0x000015f0       0x20 c:/program files (x86)/cypress/psoc creator/4.4/psoc creator/import/gnu/arm/5.4.1/bin/../lib/gcc/arm-none-eabi/5.4.1/../../../../arm-none-eabi/lib/armv7-m\libg_nano.a(lib_a-memset.o)

.debug_str      0x00000000     0x1c4d
 *(.debug_str)
 .debug_str     0x00000000      0x1fc .\CortexM3\ARM_GCC_541\Debug\main.o
                                0x24c (size before relaxing)
 .debug_str     0x000001fc       0x5b .\CortexM3\ARM_GCC_541\Debug\functions.o
                                0x21d (size before relaxing)
 .debug_str     0x00000257      0x1bc .\CortexM3\ARM_GCC_541\Debug\cyfitter_cfg.o
                                0x33a (size before relaxing)
 .debug_str     0x00000413       0x75 .\CortexM3\ARM_GCC_541\Debug\cymetadata.o
                                0x1da (size before relaxing)
 .debug_str     0x00000488      0x144 .\CortexM3\ARM_GCC_541\Debug\Cm3Start.o
                                0x300 (size before relaxing)
 .debug_str     0x000005cc      0x28b .\CortexM3\ARM_GCC_541\Debug\led.a(SPIM_1.o)
                                0x43e (size before relaxing)
 .debug_str     0x00000857      0x259 .\CortexM3\ARM_GCC_541\Debug\led.a(UART_1.o)
                                0x4a9 (size before relaxing)
 .debug_str     0x00000ab0      0x19d .\CortexM3\ARM_GCC_541\Debug\led.a(SPIM_1_IntClock.o)
                                0x344 (size before relaxing)
 .debug_str     0x00000c4d      0x14c .\CortexM3\ARM_GCC_541\Debug\led.a(UART_1_IntClock.o)
                                0x344 (size before relaxing)
 .debug_str     0x00000d99      0x817 .\CortexM3\ARM_GCC_541\Debug\led.a(CyLib.o)
                                0xa3d (size before relaxing)
 .debug_str     0x000015b0      0x365 .\CortexM3\ARM_GCC_541\Debug\led.a(cyPm.o)
                                0x729 (size before relaxing)
 .debug_str     0x00001915       0xd8 .\CortexM3\ARM_GCC_541\Debug\led.a(isr_2.o)
                                0x29c (size before relaxing)
 .debug_str     0x000019ed      0x1b4 .\CortexM3\ARM_GCC_541\Debug\led.a(CyFlash.o)
                                0x3b6 (size before relaxing)
 .debug_str     0x00001ba1       0xac .\CortexM3\ARM_GCC_541\Debug\led.a(CySpc.o)
                                0x32e (size before relaxing)

.debug_loc      0x00000000     0x20b5
 *(.debug_loc)
 .debug_loc     0x00000000       0x31 .\CortexM3\ARM_GCC_541\Debug\main.o
 .debug_loc     0x00000031       0x3a .\CortexM3\ARM_GCC_541\Debug\functions.o
 .debug_loc     0x0000006b      0x25a .\CortexM3\ARM_GCC_541\Debug\cyfitter_cfg.o
 .debug_loc     0x000002c5      0x144 .\CortexM3\ARM_GCC_541\Debug\Cm3Start.o
 .debug_loc     0x00000409       0xfe .\CortexM3\ARM_GCC_541\Debug\led.a(SPIM_1.o)
 .debug_loc     0x00000507      0x258 .\CortexM3\ARM_GCC_541\Debug\led.a(UART_1.o)
 .debug_loc     0x0000075f      0x12c .\CortexM3\ARM_GCC_541\Debug\led.a(SPIM_1_IntClock.o)
 .debug_loc     0x0000088b      0x128 .\CortexM3\ARM_GCC_541\Debug\led.a(UART_1_IntClock.o)
 .debug_loc     0x000009b3      0xa11 .\CortexM3\ARM_GCC_541\Debug\led.a(CyLib.o)
 .debug_loc     0x000013c4      0x1e4 .\CortexM3\ARM_GCC_541\Debug\led.a(cyPm.o)
 .debug_loc     0x000015a8       0x56 .\CortexM3\ARM_GCC_541\Debug\led.a(isr_2.o)
 .debug_loc     0x000015fe      0x3b2 .\CortexM3\ARM_GCC_541\Debug\led.a(CyFlash.o)
 .debug_loc     0x000019b0      0x705 .\CortexM3\ARM_GCC_541\Debug\led.a(CySpc.o)

.debug_macinfo
 *(.debug_macinfo)

.debug_ranges   0x00000000      0x780
 *(.debug_ranges)
 .debug_ranges  0x00000000       0x18 .\CortexM3\ARM_GCC_541\Debug\main.o
 .debug_ranges  0x00000018       0x10 .\CortexM3\ARM_GCC_541\Debug\functions.o
 .debug_ranges  0x00000028       0x48 .\CortexM3\ARM_GCC_541\Debug\cyfitter_cfg.o
 .debug_ranges  0x00000070       0x38 .\CortexM3\ARM_GCC_541\Debug\Cm3Start.o
 .debug_ranges  0x000000a8       0xc8 .\CortexM3\ARM_GCC_541\Debug\led.a(SPIM_1.o)
 .debug_ranges  0x00000170       0xe0 .\CortexM3\ARM_GCC_541\Debug\led.a(UART_1.o)
 .debug_ranges  0x00000250       0x60 .\CortexM3\ARM_GCC_541\Debug\led.a(SPIM_1_IntClock.o)
 .debug_ranges  0x000002b0       0x60 .\CortexM3\ARM_GCC_541\Debug\led.a(UART_1_IntClock.o)
 .debug_ranges  0x00000310      0x290 .\CortexM3\ARM_GCC_541\Debug\led.a(CyLib.o)
 .debug_ranges  0x000005a0       0x88 .\CortexM3\ARM_GCC_541\Debug\led.a(cyPm.o)
 .debug_ranges  0x00000628       0x70 .\CortexM3\ARM_GCC_541\Debug\led.a(isr_2.o)
 .debug_ranges  0x00000698       0x78 .\CortexM3\ARM_GCC_541\Debug\led.a(CyFlash.o)
 .debug_ranges  0x00000710       0x70 .\CortexM3\ARM_GCC_541\Debug\led.a(CySpc.o)

.comment        0x00000000       0x6e
 .comment       0x00000000       0x6e .\CortexM3\ARM_GCC_541\Debug\main.o
                                 0x6f (size before relaxing)
 .comment       0x0000006e       0x6f .\CortexM3\ARM_GCC_541\Debug\functions.o
 .comment       0x0000006e       0x6f .\CortexM3\ARM_GCC_541\Debug\cyfitter_cfg.o
 .comment       0x0000006e       0x6f .\CortexM3\ARM_GCC_541\Debug\cymetadata.o
 .comment       0x0000006e       0x6f .\CortexM3\ARM_GCC_541\Debug\Cm3Start.o
 .comment       0x0000006e       0x6f .\CortexM3\ARM_GCC_541\Debug\led.a(SPIM_1.o)
 .comment       0x0000006e       0x6f .\CortexM3\ARM_GCC_541\Debug\led.a(UART_1.o)
 .comment       0x0000006e       0x6f .\CortexM3\ARM_GCC_541\Debug\led.a(SPIM_1_IntClock.o)
 .comment       0x0000006e       0x6f .\CortexM3\ARM_GCC_541\Debug\led.a(UART_1_IntClock.o)
 .comment       0x0000006e       0x6f .\CortexM3\ARM_GCC_541\Debug\led.a(CyLib.o)
 .comment       0x0000006e       0x6f .\CortexM3\ARM_GCC_541\Debug\led.a(cyPm.o)
 .comment       0x0000006e       0x6f .\CortexM3\ARM_GCC_541\Debug\led.a(isr_2.o)
 .comment       0x0000006e       0x6f .\CortexM3\ARM_GCC_541\Debug\led.a(CyFlash.o)
 .comment       0x0000006e       0x6f .\CortexM3\ARM_GCC_541\Debug\led.a(CySpc.o)

.debug_weaknames
 *(.debug_weaknames)

.debug_funcnames
 *(.debug_funcnames)

.debug_typenames
 *(.debug_typenames)

.debug_varnames
 *(.debug_varnames)

.note.gnu.arm.ident
 *(.note.gnu.arm.ident)

.ARM.attributes
                0x00000000       0x29
 *(.ARM.attributes)
 .ARM.attributes
                0x00000000       0x1d c:/program files (x86)/cypress/psoc creator/4.4/psoc creator/import/gnu/arm/5.4.1/bin/../lib/gcc/arm-none-eabi/5.4.1/armv7-m/crti.o
 .ARM.attributes
                0x0000001d       0x2d c:/program files (x86)/cypress/psoc creator/4.4/psoc creator/import/gnu/arm/5.4.1/bin/../lib/gcc/arm-none-eabi/5.4.1/armv7-m/crtbegin.o
 .ARM.attributes
                0x0000004a       0x1b c:/program files (x86)/cypress/psoc creator/4.4/psoc creator/import/gnu/arm/5.4.1/bin/../lib/gcc/arm-none-eabi/5.4.1/../../../../arm-none-eabi/lib/armv7-m/crt0.o
 .ARM.attributes
                0x00000065       0x33 .\CortexM3\ARM_GCC_541\Debug\main.o
 .ARM.attributes
                0x00000098       0x33 .\CortexM3\ARM_GCC_541\Debug\functions.o
 .ARM.attributes
                0x000000cb       0x33 .\CortexM3\ARM_GCC_541\Debug\cyfitter_cfg.o
 .ARM.attributes
                0x000000fe       0x33 .\CortexM3\ARM_GCC_541\Debug\cymetadata.o
 .ARM.attributes
                0x00000131       0x33 .\CortexM3\ARM_GCC_541\Debug\Cm3Start.o
 .ARM.attributes
                0x00000164       0x33 .\CortexM3\ARM_GCC_541\Debug\led.a(SPIM_1.o)
 .ARM.attributes
                0x00000197       0x33 .\CortexM3\ARM_GCC_541\Debug\led.a(UART_1.o)
 .ARM.attributes
                0x000001ca       0x33 .\CortexM3\ARM_GCC_541\Debug\led.a(SPIM_1_IntClock.o)
 .ARM.attributes
                0x000001fd       0x33 .\CortexM3\ARM_GCC_541\Debug\led.a(UART_1_IntClock.o)
 .ARM.attributes
                0x00000230       0x33 .\CortexM3\ARM_GCC_541\Debug\led.a(CyLib.o)
 .ARM.attributes
                0x00000263       0x33 .\CortexM3\ARM_GCC_541\Debug\led.a(cyPm.o)
 .ARM.attributes
                0x00000296       0x33 .\CortexM3\ARM_GCC_541\Debug\led.a(isr_2.o)
 .ARM.attributes
                0x000002c9       0x21 .\CortexM3\ARM_GCC_541\Debug\led.a(CyBootAsmGnu.o)
 .ARM.attributes
                0x000002ea       0x33 .\CortexM3\ARM_GCC_541\Debug\led.a(CyFlash.o)
 .ARM.attributes
                0x0000031d       0x33 .\CortexM3\ARM_GCC_541\Debug\led.a(CySpc.o)
 .ARM.attributes
                0x00000350       0x2d c:/program files (x86)/cypress/psoc creator/4.4/psoc creator/import/gnu/arm/5.4.1/bin/../lib/gcc/arm-none-eabi/5.4.1/../../../../arm-none-eabi/lib/armv7-m\libg_nano.a(lib_a-errno.o)
 .ARM.attributes
                0x0000037d       0x2d c:/program files (x86)/cypress/psoc creator/4.4/psoc creator/import/gnu/arm/5.4.1/bin/../lib/gcc/arm-none-eabi/5.4.1/../../../../arm-none-eabi/lib/armv7-m\libg_nano.a(lib_a-exit.o)
 .ARM.attributes
                0x000003aa       0x2d c:/program files (x86)/cypress/psoc creator/4.4/psoc creator/import/gnu/arm/5.4.1/bin/../lib/gcc/arm-none-eabi/5.4.1/../../../../arm-none-eabi/lib/armv7-m\libg_nano.a(lib_a-impure.o)
 .ARM.attributes
                0x000003d7       0x2d c:/program files (x86)/cypress/psoc creator/4.4/psoc creator/import/gnu/arm/5.4.1/bin/../lib/gcc/arm-none-eabi/5.4.1/../../../../arm-none-eabi/lib/armv7-m\libg_nano.a(lib_a-init.o)
 .ARM.attributes
                0x00000404       0x2d c:/program files (x86)/cypress/psoc creator/4.4/psoc creator/import/gnu/arm/5.4.1/bin/../lib/gcc/arm-none-eabi/5.4.1/../../../../arm-none-eabi/lib/armv7-m\libg_nano.a(lib_a-memcpy-stub.o)
 .ARM.attributes
                0x00000431       0x2d c:/program files (x86)/cypress/psoc creator/4.4/psoc creator/import/gnu/arm/5.4.1/bin/../lib/gcc/arm-none-eabi/5.4.1/../../../../arm-none-eabi/lib/armv7-m\libg_nano.a(lib_a-memset.o)
 .ARM.attributes
                0x0000045e       0x2d c:/program files (x86)/cypress/psoc creator/4.4/psoc creator/import/gnu/arm/5.4.1/bin/../lib/gcc/arm-none-eabi/5.4.1/armv7-m/crtend.o
 .ARM.attributes
                0x0000048b       0x1d c:/program files (x86)/cypress/psoc creator/4.4/psoc creator/import/gnu/arm/5.4.1/bin/../lib/gcc/arm-none-eabi/5.4.1/armv7-m/crtn.o

/DISCARD/
 *(.note.GNU-stack)
OUTPUT(C:\Users\Thomas\Documents\GitHub\GFV\Journal2\led.cydsn\CortexM3\ARM_GCC_541\Debug\led.elf elf32-littlearm)
